Component: ARM Compiler 5.05 update 1 (build 106) Tool: armlink [4d0efa]

==============================================================================

Section Cross References

    main.o(i.main) refers to misc.o(i.NVIC_PriorityGroupConfig) for NVIC_PriorityGroupConfig
    main.o(i.main) refers to delay.o(i.delay_init) for delay_init
    main.o(i.main) refers to usart2.o(i.usart2_init) for usart2_init
    main.o(i.main) refers to as608.o(i.PS_StaGPIO_Init) for PS_StaGPIO_Init
    main.o(i.main) refers to timer.o(i.TIM1_PWM_Init) for TIM1_PWM_Init
    main.o(i.main) refers to oled.o(i.OLED_Init) for OLED_Init
    main.o(i.main) refers to oled.o(i.OLED_ON) for OLED_ON
    main.o(i.main) refers to oled.o(i.OLED_Fill) for OLED_Fill
    main.o(i.main) refers to stm32f10x_tim.o(i.TIM_SetCompare1) for TIM_SetCompare1
    main.o(i.main) refers to main.o(i.press_FR) for press_FR
    main.o(i.press_FR) refers to as608.o(i.PS_GetImage) for PS_GetImage
    main.o(i.press_FR) refers to oled.o(i.OLED_Fill) for OLED_Fill
    main.o(i.press_FR) refers to oled.o(i.OLED_ShowStr) for OLED_ShowStr
    main.o(i.press_FR) refers to as608.o(i.PS_GenChar) for PS_GenChar
    main.o(i.press_FR) refers to as608.o(i.PS_HighSpeedSearch) for PS_HighSpeedSearch
    main.o(i.press_FR) refers to delay.o(i.delay_ms) for delay_ms
    main.o(i.press_FR) refers to stm32f10x_tim.o(i.TIM_SetCompare1) for TIM_SetCompare1
    system_stm32f10x.o(i.SystemCoreClockUpdate) refers to system_stm32f10x.o(.data) for .data
    system_stm32f10x.o(i.SystemInit) refers to system_stm32f10x.o(i.SetSysClockTo72) for SetSysClockTo72
    key.o(i.KEY_Init) refers to stm32f10x_rcc.o(i.RCC_APB2PeriphClockCmd) for RCC_APB2PeriphClockCmd
    key.o(i.KEY_Init) refers to stm32f10x_gpio.o(i.GPIO_PinRemapConfig) for GPIO_PinRemapConfig
    key.o(i.KEY_Init) refers to stm32f10x_gpio.o(i.GPIO_Init) for GPIO_Init
    key.o(i.KEY_Scan) refers to stm32f10x_gpio.o(i.GPIO_ReadInputDataBit) for GPIO_ReadInputDataBit
    key.o(i.KEY_Scan) refers to delay.o(i.delay_ms) for delay_ms
    key.o(i.KEY_Scan) refers to key.o(.data) for .data
    lcd.o(i.LCD_Clear) refers to lcd.o(i.LCD_SetCursor) for LCD_SetCursor
    lcd.o(i.LCD_Clear) refers to lcd.o(i.LCD_WriteRAM_Prepare) for LCD_WriteRAM_Prepare
    lcd.o(i.LCD_Clear) refers to lcd.o(.bss) for .bss
    lcd.o(i.LCD_Color_Fill) refers to lcd.o(i.LCD_SetCursor) for LCD_SetCursor
    lcd.o(i.LCD_Color_Fill) refers to lcd.o(i.LCD_WriteRAM_Prepare) for LCD_WriteRAM_Prepare
    lcd.o(i.LCD_DisplayOff) refers to lcd.o(i.LCD_WriteReg) for LCD_WriteReg
    lcd.o(i.LCD_DisplayOff) refers to lcd.o(i.LCD_WR_REG) for LCD_WR_REG
    lcd.o(i.LCD_DisplayOff) refers to lcd.o(.bss) for .bss
    lcd.o(i.LCD_DisplayOn) refers to lcd.o(i.LCD_WriteReg) for LCD_WriteReg
    lcd.o(i.LCD_DisplayOn) refers to lcd.o(i.LCD_WR_REG) for LCD_WR_REG
    lcd.o(i.LCD_DisplayOn) refers to lcd.o(.bss) for .bss
    lcd.o(i.LCD_Display_Dir) refers to lcd.o(i.LCD_Scan_Dir) for LCD_Scan_Dir
    lcd.o(i.LCD_Display_Dir) refers to lcd.o(.bss) for .bss
    lcd.o(i.LCD_DrawLine) refers to lcd.o(i.LCD_DrawPoint) for LCD_DrawPoint
    lcd.o(i.LCD_DrawPoint) refers to lcd.o(i.LCD_SetCursor) for LCD_SetCursor
    lcd.o(i.LCD_DrawPoint) refers to lcd.o(i.LCD_WriteRAM_Prepare) for LCD_WriteRAM_Prepare
    lcd.o(i.LCD_DrawPoint) refers to lcd.o(.data) for .data
    lcd.o(i.LCD_DrawRectangle) refers to lcd.o(i.LCD_DrawLine) for LCD_DrawLine
    lcd.o(i.LCD_Draw_Circle) refers to lcd.o(i.LCD_DrawPoint) for LCD_DrawPoint
    lcd.o(i.LCD_Fast_DrawPoint) refers to lcd.o(i.LCD_WR_REG) for LCD_WR_REG
    lcd.o(i.LCD_Fast_DrawPoint) refers to lcd.o(i.LCD_WriteReg) for LCD_WriteReg
    lcd.o(i.LCD_Fast_DrawPoint) refers to lcd.o(.bss) for .bss
    lcd.o(i.LCD_Fill) refers to lcd.o(i.LCD_SetCursor) for LCD_SetCursor
    lcd.o(i.LCD_Fill) refers to lcd.o(i.LCD_WriteRAM_Prepare) for LCD_WriteRAM_Prepare
    lcd.o(i.LCD_Fill) refers to lcd.o(.bss) for .bss
    lcd.o(i.LCD_Init) refers to _printf_percent.o(.ARM.Collect$$_printf_percent$$00000000) for _printf_percent
    lcd.o(i.LCD_Init) refers to _printf_x.o(.ARM.Collect$$_printf_percent$$0000000C) for _printf_x
    lcd.o(i.LCD_Init) refers to _printf_hex_int_ll_ptr.o(.text) for _printf_longlong_hex
    lcd.o(i.LCD_Init) refers to stm32f10x_rcc.o(i.RCC_APB2PeriphClockCmd) for RCC_APB2PeriphClockCmd
    lcd.o(i.LCD_Init) refers to stm32f10x_gpio.o(i.GPIO_PinRemapConfig) for GPIO_PinRemapConfig
    lcd.o(i.LCD_Init) refers to stm32f10x_gpio.o(i.GPIO_Init) for GPIO_Init
    lcd.o(i.LCD_Init) refers to stm32f10x_gpio.o(i.GPIO_SetBits) for GPIO_SetBits
    lcd.o(i.LCD_Init) refers to delay.o(i.delay_ms) for delay_ms
    lcd.o(i.LCD_Init) refers to lcd.o(i.LCD_WriteReg) for LCD_WriteReg
    lcd.o(i.LCD_Init) refers to lcd.o(i.LCD_ReadReg) for LCD_ReadReg
    lcd.o(i.LCD_Init) refers to lcd.o(i.LCD_WR_REG) for LCD_WR_REG
    lcd.o(i.LCD_Init) refers to lcd.o(i.LCD_RD_DATA) for LCD_RD_DATA
[...]
    ../clib/printf.c                         0x00000000   Number         0  _printf_str.o ABSOLUTE
    ../clib/printf.c                         0x00000000   Number         0  __printf_flags_ss.o ABSOLUTE
    ../clib/printf.c                         0x00000000   Number         0  _printf_pad.o ABSOLUTE
    ../clib/printf.c                         0x00000000   Number         0  __printf.o ABSOLUTE
    ../clib/printf.c                         0x00000000   Number         0  noretval__2printf.o ABSOLUTE
    ../clib/printf.c                         0x00000000   Number         0  _printf_hex_ll_ptr.o ABSOLUTE
    ../clib/printf.c                         0x00000000   Number         0  __2printf.o ABSOLUTE
    ../clib/printf.c                         0x00000000   Number         0  c89vsprintf.o ABSOLUTE
    ../clib/printf.c                         0x00000000   Number         0  __printf_flags.o ABSOLUTE
    ../clib/printf.c                         0x00000000   Number         0  _printf_intcommon.o ABSOLUTE
    ../clib/printf.c                         0x00000000   Number         0  __printf_ss.o ABSOLUTE
    ../clib/printf.c                         0x00000000   Number         0  _printf_fp_infnan.o ABSOLUTE
    ../clib/printf.c                         0x00000000   Number         0  _printf_char_file.o ABSOLUTE
    ../clib/printf.c                         0x00000000   Number         0  _printf_wchar.o ABSOLUTE
    ../clib/printf.c                         0x00000000   Number         0  __printf_nopercent.o ABSOLUTE
    ../clib/printf.c                         0x00000000   Number         0  _printf_fp_dec.o ABSOLUTE
    ../clib/printf.c                         0x00000000   Number         0  _printf_truncate.o ABSOLUTE
    ../clib/printf.c                         0x00000000   Number         0  _printf_charcount.o ABSOLUTE
    ../clib/printf.c                         0x00000000   Number         0  _printf_char_common.o ABSOLUTE
    ../clib/printf.c                         0x00000000   Number         0  _sputc.o ABSOLUTE
    ../clib/printf.c                         0x00000000   Number         0  _printf_char.o ABSOLUTE
    ../clib/printf.c                         0x00000000   Number         0  _printf_wctomb.o ABSOLUTE
    ../clib/printf.c                         0x00000000   Number         0  _printf_longlong_dec.o ABSOLUTE
    ../clib/printf.c                         0x00000000   Number         0  _printf_oct_ll.o ABSOLUTE
    ../clib/printf.c                         0x00000000   Number         0  _printf_oct_int.o ABSOLUTE
    ../clib/printf_percent.s                 0x00000000   Number         0  _printf_llx.o ABSOLUTE
    ../clib/printf_percent.s                 0x00000000   Number         0  _printf_llu.o ABSOLUTE
    ../clib/printf_percent.s                 0x00000000   Number         0  _printf_c.o ABSOLUTE
    ../clib/printf_percent.s                 0x00000000   Number         0  _printf_s.o ABSOLUTE
    ../clib/printf_percent.s                 0x00000000   Number         0  _printf_x.o ABSOLUTE
    ../clib/printf_percent.s                 0x00000000   Number         0  _printf_e.o ABSOLUTE
    ../clib/printf_percent.s                 0x00000000   Number         0  _printf_o.o ABSOLUTE
    ../clib/printf_percent.s                 0x00000000   Number         0  _printf_lld.o ABSOLUTE
    ../clib/printf_percent.s                 0x00000000   Number         0  _printf_i.o ABSOLUTE
    ../clib/printf_percent.s                 0x00000000   Number         0  _printf_d.o ABSOLUTE
    ../clib/printf_percent.s                 0x00000000   Number         0  _printf_u.o ABSOLUTE
    ../clib/printf_percent.s                 0x00000000   Number         0  _printf_percent.o ABSOLUTE
    ../clib/printf_percent.s                 0x00000000   Number         0  _printf_l.o ABSOLUTE
    ../clib/printf_percent.s                 0x00000000   Number         0  _printf_g.o ABSOLUTE
    ../clib/printf_percent.s                 0x00000000   Number         0  _printf_a.o ABSOLUTE
    ../clib/printf_percent.s                 0x00000000   Number         0  _printf_percent_end.o ABSOLUTE
    ../clib/printf_percent.s                 0x00000000   Number         0  _printf_f.o ABSOLUTE
    ../clib/printf_percent.s                 0x00000000   Number         0  _printf_n.o ABSOLUTE
    ../clib/printf_percent.s                 0x00000000   Number         0  _printf_llo.o ABSOLUTE
    ../clib/printf_percent.s                 0x00000000   Number         0  _printf_ls.o ABSOLUTE
    ../clib/printf_percent.s                 0x00000000   Number         0  _printf_lc.o ABSOLUTE
    ../clib/printf_percent.s                 0x00000000   Number         0  _printf_lli.o ABSOLUTE
    ../clib/printf_percent.s                 0x00000000   Number         0  _printf_ll.o ABSOLUTE
    ../clib/printf_percent.s                 0x00000000   Number         0  _printf_p.o ABSOLUTE
    ../clib/signal.c                         0x00000000   Number         0  defsig_rtmem_outer.o ABSOLUTE
    ../clib/signal.c                         0x00000000   Number         0  defsig_segv_inner.o ABSOLUTE
    ../clib/signal.c                         0x00000000   Number         0  defsig_rtmem_formal.o ABSOLUTE
    ../clib/signal.c                         0x00000000   Number         0  defsig_other.o ABSOLUTE
    ../clib/signal.c                         0x00000000   Number         0  defsig_stak_inner.o ABSOLUTE
    ../clib/signal.c                         0x00000000   Number         0  defsig_exit.o ABSOLUTE
    ../clib/signal.c                         0x00000000   Number         0  defsig_rtmem_inner.o ABSOLUTE
    ../clib/signal.c                         0x00000000   Number         0  __raise.o ABSOLUTE
    ../clib/signal.c                         0x00000000   Number         0  defsig_general.o ABSOLUTE
    ../clib/signal.c                         0x00000000   Number         0  defsig_abrt_inner.o ABSOLUTE
    ../clib/signal.c                         0x00000000   Number         0  defsig_fpe_inner.o ABSOLUTE
    ../clib/signal.c                         0x00000000   Number         0  defsig_rtred_inner.o ABSOLUTE
    ../clib/signal.c                         0x00000000   Number         0  defsig_pvfn_inner.o ABSOLUTE
    ../clib/signal.c                         0x00000000   Number         0  defsig_cppl_inner.o ABSOLUTE
    ../clib/signal.s                         0x00000000   Number         0  defsig.o ABSOLUTE
    ../clib/stdio.c                          0x00000000   Number         0  ferror_locked.o ABSOLUTE
    ../clib/stdio.c                          0x00000000   Number         0  ferror.o ABSOLUTE
    ../clib/stdlib.c                         0x00000000   Number         0  exit.o ABSOLUTE
    ../clib/string.c                         0x00000000   Number         0  strlen.o ABSOLUTE
    ../clib/string.c                         0x00000000   Number         0  strstr.o ABSOLUTE
    ../clib/string.c                         0x00000000   Number         0  strcpy.o ABSOLUTE
    ../fplib/daddsub.s                       0x00000000   Number         0  daddsub_clz.o ABSOLUTE
    ../fplib/dcmpi.s                         0x00000000   Number         0  dcmpi.o ABSOLUTE
    ../fplib/dfixu.s                         0x00000000   Number         0  dfixu.o ABSOLUTE
    ../fplib/dflt.s                          0x00000000   Number         0  dflt_clz.o ABSOLUTE
    ../fplib/dleqf.s                         0x00000000   Number         0  dleqf.o ABSOLUTE
    ../fplib/dmul.s                          0x00000000   Number         0  dmul.o ABSOLUTE
    ../fplib/dnaninf.s                       0x00000000   Number         0  dnaninf.o ABSOLUTE
    ../fplib/dretinf.s                       0x00000000   Number         0  dretinf.o ABSOLUTE
    ../fplib/dsqrt.s                         0x00000000   Number         0  dsqrt_noumaal.o ABSOLUTE
    ../fplib/faddsub.s                       0x00000000   Number         0  faddsub_clz.o ABSOLUTE
    ../fplib/fcheck1.s                       0x00000000   Number         0  fcheck1.o ABSOLUTE
    ../fplib/fcmpi.s                         0x00000000   Number         0  fcmpi.o ABSOLUTE
    ../fplib/fdiv.s                          0x00000000   Number         0  fdiv.o ABSOLUTE
    ../fplib/feqf.s                          0x00000000   Number         0  feqf.o ABSOLUTE
    ../fplib/ffix.s                          0x00000000   Number         0  ffix.o ABSOLUTE
    ../fplib/ffixu.s                         0x00000000   Number         0  ffixu.o ABSOLUTE
    ../fplib/fflt.s                          0x00000000   Number         0  fflt_clz.o ABSOLUTE
    ../fplib/fmul.s                          0x00000000   Number         0  fmul.o ABSOLUTE
    ../fplib/fnaninf.s                       0x00000000   Number         0  fnaninf.o ABSOLUTE
    ../fplib/fpinit.s                        0x00000000   Number         0  fpinit.o ABSOLUTE
    ../fplib/fretinf.s                       0x00000000   Number         0  fretinf.o ABSOLUTE
    ../fplib/istatus.s                       0x00000000   Number         0  istatus.o ABSOLUTE
    ../fplib/printf1.s                       0x00000000   Number         0  printf1.o ABSOLUTE
    ../fplib/retnan.s                        0x00000000   Number         0  retnan.o ABSOLUTE
    ../fplib/scalbnf.s                       0x00000000   Number         0  scalbnf.o ABSOLUTE
    ../fplib/trapv.s                         0x00000000   Number         0  trapv.o ABSOLUTE
    ../fplib/usenofp.s                       0x00000000   Number         0  usenofp.o ABSOLUTE
    ../mathlib/fpclassify.c                  0x00000000   Number         0  fpclassify.o ABSOLUTE
    ../mathlib/sqrt.c                        0x00000000   Number         0  sqrt_x.o ABSOLUTE
    ../mathlib/sqrt.c                        0x00000000   Number         0  sqrt.o ABSOLUTE
    ..\CORE\core_cm3.c                       0x00000000   Number         0  core_cm3.o ABSOLUTE
    ..\CORE\startup_stm32f10x_hd.s           0x00000000   Number         0  startup_stm32f10x_hd.o ABSOLUTE
    ..\FATFS\exfuns\exfuns.c                 0x00000000   Number         0  exfuns.o ABSOLUTE
    ..\FATFS\exfuns\fattester.c              0x00000000   Number         0  fattester.o ABSOLUTE
    ..\FATFS\exfuns\mycc936.c                0x00000000   Number         0  mycc936.o ABSOLUTE
    ..\FATFS\src\diskio.c                    0x00000000   Number         0  diskio.o ABSOLUTE
    ..\FATFS\src\ff.c                        0x00000000   Number         0  ff.o ABSOLUTE
    ..\HARDWARE\24CXX\24cxx.c                0x00000000   Number         0  24cxx.o ABSOLUTE
    ..\HARDWARE\AS608\as608.c                0x00000000   Number         0  as608.o ABSOLUTE
    ..\HARDWARE\FLASH\flash.c                0x00000000   Number         0  flash.o ABSOLUTE
    ..\HARDWARE\IIC\myiic.c                  0x00000000   Number         0  myiic.o ABSOLUTE
    ..\HARDWARE\KEY\key.c                    0x00000000   Number         0  key.o ABSOLUTE
    ..\HARDWARE\LCD\lcd.c                    0x00000000   Number         0  lcd.o ABSOLUTE
    ..\HARDWARE\OLED\oled.c                  0x00000000   Number         0  oled.o ABSOLUTE
    ..\HARDWARE\SD\MMC_SD.C                  0x00000000   Number         0  mmc_sd.o ABSOLUTE
    ..\HARDWARE\SPI\spi.c                    0x00000000   Number         0  spi.o ABSOLUTE
    ..\HARDWARE\TIMER\timer.c                0x00000000   Number         0  timer.o ABSOLUTE
    ..\HARDWARE\TOUCH\ctiic.c                0x00000000   Number         0  ctiic.o ABSOLUTE
    ..\HARDWARE\TOUCH\ft5206.c               0x00000000   Number         0  ft5206.o ABSOLUTE
    ..\HARDWARE\TOUCH\gt9147.c               0x00000000   Number         0  gt9147.o ABSOLUTE
    ..\HARDWARE\TOUCH\ott2001a.c             0x00000000   Number         0  ott2001a.o ABSOLUTE
    ..\HARDWARE\TOUCH\touch.c                0x00000000   Number         0  touch.o ABSOLUTE
    ..\HARDWARE\USART2\usart2.c              0x00000000   Number         0  usart2.o ABSOLUTE
    ..\MALLOC\malloc.c                       0x00000000   Number         0  malloc.o ABSOLUTE
    ..\STM32F10x_FWLib\src\misc.c            0x00000000   Number         0  misc.o ABSOLUTE
    ..\STM32F10x_FWLib\src\stm32f10x_dma.c   0x00000000   Number         0  stm32f10x_dma.o ABSOLUTE
    ..\STM32F10x_FWLib\src\stm32f10x_exti.c  0x00000000   Number         0  stm32f10x_exti.o ABSOLUTE
    ..\STM32F10x_FWLib\src\stm32f10x_gpio.c  0x00000000   Number         0  stm32f10x_gpio.o ABSOLUTE
    ..\STM32F10x_FWLib\src\stm32f10x_rcc.c   0x00000000   Number         0  stm32f10x_rcc.o ABSOLUTE
    ..\STM32F10x_FWLib\src\stm32f10x_spi.c   0x00000000   Number         0  stm32f10x_spi.o ABSOLUTE
    ..\STM32F10x_FWLib\src\stm32f10x_tim.c   0x00000000   Number         0  stm32f10x_tim.o ABSOLUTE
    ..\STM32F10x_FWLib\src\stm32f10x_usart.c 0x00000000   Number         0  stm32f10x_usart.o ABSOLUTE
    ..\SYSTEM\delay\delay.c                  0x00000000   Number         0  delay.o ABSOLUTE
    ..\SYSTEM\sys\sys.c                      0x00000000   Number         0  sys.o ABSOLUTE
    ..\SYSTEM\usart\usart.c                  0x00000000   Number         0  usart.o ABSOLUTE
    ..\TEXT\fontupd.c                        0x00000000   Number         0  fontupd.o ABSOLUTE
    ..\TEXT\text.c                           0x00000000   Number         0  text.o ABSOLUTE
    ..\USMART\usmart.c                       0x00000000   Number         0  usmart.o ABSOLUTE
    ..\USMART\usmart_config.c                0x00000000   Number         0  usmart_config.o ABSOLUTE
    ..\USMART\usmart_str.c                   0x00000000   Number         0  usmart_str.o ABSOLUTE
    ..\\CORE\\core_cm3.c                     0x00000000   Number         0  core_cm3.o ABSOLUTE
    ..\\SYSTEM\\sys\\sys.c                   0x00000000   Number         0  sys.o ABSOLUTE
    dc.s                                     0x00000000   Number         0  dc.o ABSOLUTE
    led.c                                    0x00000000   Number         0  led.o ABSOLUTE
    main.c                                   0x00000000   Number         0  main.o ABSOLUTE
    stm32f10x_it.c                           0x00000000   Number         0  stm32f10x_it.o ABSOLUTE
    system_stm32f10x.c                       0x00000000   Number         0  system_stm32f10x.o ABSOLUTE
    RESET                                    0x08000000   Section      304  startup_stm32f10x_hd.o(RESET)
    !!!main                                  0x08000130   Section        8  __main.o(!!!main)
    !!!scatter                               0x08000138   Section       52  __scatter.o(!!!scatter)
    !!dczerorl2                              0x0800016c   Section       90  __dczerorl2.o(!!dczerorl2)
    !!handler_zi                             0x080001c8   Section       28  __scatter_zi.o(!!handler_zi)
    .ARM.Collect$$_printf_percent$$00000000  0x080001e4   Section        0  _printf_percent.o(.ARM.Collect$$_printf_percent$$00000000)
    .ARM.Collect$$_printf_percent$$00000009  0x080001e4   Section        6  _printf_d.o(.ARM.Collect$$_printf_percent$$00000009)
    .ARM.Collect$$_printf_percent$$0000000A  0x080001ea   Section        6  _printf_u.o(.ARM.Collect$$_printf_percent$$0000000A)
    .ARM.Collect$$_printf_percent$$0000000C  0x080001f0   Section        6  _printf_x.o(.ARM.Collect$$_printf_percent$$0000000C)
    .ARM.Collect$$_printf_percent$$00000013  0x080001f6   Section        6  _printf_c.o(.ARM.Collect$$_printf_percent$$00000013)
    .ARM.Collect$$_printf_percent$$00000014  0x080001fc   Section        6  _printf_s.o(.ARM.Collect$$_printf_percent$$00000014)
    .ARM.Collect$$_printf_percent$$00000017  0x08000202   Section        4  _printf_percent_end.o(.ARM.Collect$$_printf_percent$$00000017)
    .ARM.Collect$$libinit$$00000000          0x08000206   Section        2  libinit.o(.ARM.Collect$$libinit$$00000000)
    .ARM.Collect$$libinit$$00000002          0x08000208   Section        0  libinit2.o(.ARM.Collect$$libinit$$00000002)
    .ARM.Collect$$libinit$$00000004          0x08000208   Section        0  libinit2.o(.ARM.Collect$$libinit$$00000004)
    .ARM.Collect$$libinit$$0000000A          0x08000208   Section        0  libinit2.o(.ARM.Collect$$libinit$$0000000A)
    .ARM.Collect$$libinit$$0000000C          0x08000208   Section        0  libinit2.o(.ARM.Collect$$libinit$$0000000C)
    .ARM.Collect$$libinit$$0000000E          0x08000208   Section        0  libinit2.o(.ARM.Collect$$libinit$$0000000E)
    .ARM.Collect$$libinit$$00000011          0x08000208   Section        0  libinit2.o(.ARM.Collect$$libinit$$00000011)
    .ARM.Collect$$libinit$$00000013          0x08000208   Section        0  libinit2.o(.ARM.Collect$$libinit$$00000013)
    .ARM.Collect$$libinit$$00000015          0x08000208   Section        0  libinit2.o(.ARM.Collect$$libinit$$00000015)
    .ARM.Collect$$libinit$$00000017          0x08000208   Section        0  libinit2.o(.ARM.Collect$$libinit$$00000017)
    .ARM.Collect$$libinit$$00000019          0x08000208   Section        0  libinit2.o(.ARM.Collect$$libinit$$00000019)
    .ARM.Collect$$libinit$$0000001B          0x08000208   Section        0  libinit2.o(.ARM.Collect$$libinit$$0000001B)
    .ARM.Collect$$libinit$$0000001D          0x08000208   Section        0  libinit2.o(.ARM.Collect$$libinit$$0000001D)
    .ARM.Collect$$libinit$$0000001F          0x08000208   Section        0  libinit2.o(.ARM.Collect$$libinit$$0000001F)
    .ARM.Collect$$libinit$$00000021          0x08000208   Section        0  libinit2.o(.ARM.Collect$$libinit$$00000021)
    .ARM.Collect$$libinit$$00000023          0x08000208   Section        0  libinit2.o(.ARM.Collect$$libinit$$00000023)
    .ARM.Collect$$libinit$$00000025          0x08000208   Section        0  libinit2.o(.ARM.Collect$$libinit$$00000025)
    .ARM.Collect$$libinit$$0000002C          0x08000208   Section        0  libinit2.o(.ARM.Collect$$libinit$$0000002C)
    .ARM.Collect$$libinit$$0000002E          0x08000208   Section        0  libinit2.o(.ARM.Collect$$libinit$$0000002E)
    .ARM.Collect$$libinit$$00000030          0x08000208   Section        0  libinit2.o(.ARM.Collect$$libinit$$00000030)
    .ARM.Collect$$libinit$$00000032          0x08000208   Section        0  libinit2.o(.ARM.Collect$$libinit$$00000032)
    .ARM.Collect$$libinit$$00000033          0x08000208   Section        2  libinit2.o(.ARM.Collect$$libinit$$00000033)
    .ARM.Collect$$libshutdown$$00000000      0x0800020a   Section        2  libshutdown.o(.ARM.Collect$$libshutdown$$00000000)
    .ARM.Collect$$libshutdown$$00000003      0x0800020c   Section        0  libshutdown2.o(.ARM.Collect$$libshutdown$$00000003)
    .ARM.Collect$$libshutdown$$00000006      0x0800020c   Section        0  libshutdown2.o(.ARM.Collect$$libshutdown$$00000006)
    .ARM.Collect$$libshutdown$$00000009      0x0800020c   Section        0  libshutdown2.o(.ARM.Collect$$libshutdown$$00000009)
    .ARM.Collect$$libshutdown$$0000000B      0x0800020c   Section        0  libshutdown2.o(.ARM.Collect$$libshutdown$$0000000B)
    .ARM.Collect$$libshutdown$$0000000E      0x0800020c   Section        0  libshutdown2.o(.ARM.Collect$$libshutdown$$0000000E)
    .ARM.Collect$$libshutdown$$0000000F      0x0800020c   Section        2  libshutdown2.o(.ARM.Collect$$libshutdown$$0000000F)
    .ARM.Collect$$rtentry$$00000000          0x0800020e   Section        0  __rtentry.o(.ARM.Collect$$rtentry$$00000000)
    .ARM.Collect$$rtentry$$00000002          0x0800020e   Section        0  __rtentry2.o(.ARM.Collect$$rtentry$$00000002)
    .ARM.Collect$$rtentry$$00000004          0x0800020e   Section        6  __rtentry4.o(.ARM.Collect$$rtentry$$00000004)
    .ARM.Collect$$rtentry$$00000009          0x08000214   Section        0  __rtentry2.o(.ARM.Collect$$rtentry$$00000009)
    .ARM.Collect$$rtentry$$0000000A          0x08000214   Section        4  __rtentry2.o(.ARM.Collect$$rtentry$$0000000A)
    .ARM.Collect$$rtentry$$0000000C          0x08000218   Section        0  __rtentry2.o(.ARM.Collect$$rtentry$$0000000C)
    .ARM.Collect$$rtentry$$0000000D          0x08000218   Section        8  __rtentry2.o(.ARM.Collect$$rtentry$$0000000D)
    .ARM.Collect$$rtexit$$00000000           0x08000220   Section        2  rtexit.o(.ARM.Collect$$rtexit$$00000000)
    .ARM.Collect$$rtexit$$00000002           0x08000222   Section        0  rtexit2.o(.ARM.Collect$$rtexit$$00000002)
    .ARM.Collect$$rtexit$$00000003           0x08000222   Section        4  rtexit2.o(.ARM.Collect$$rtexit$$00000003)
    .ARM.Collect$$rtexit$$00000004           0x08000226   Section        6  rtexit2.o(.ARM.Collect$$rtexit$$00000004)
    .text                                    0x0800022c   Section       64  startup_stm32f10x_hd.o(.text)
    .text                                    0x0800026c   Section        2  use_no_semi_2.o(.text)
    .text                                    0x08000270   Section        0  __2printf.o(.text)
    .text                                    0x08000288   Section        0  _printf_pad.o(.text)
    .text                                    0x080002d6   Section        0  _printf_str.o(.text)
    .text                                    0x08000328   Section        0  _printf_dec.o(.text)
    .text                                    0x080003a0   Section        0  _printf_hex_int_ll_ptr.o(.text)
    _printf_hex_common                       0x080003a1   Thumb Code     0  _printf_hex_int_ll_ptr.o(.text)
    .text                                    0x08000434   Section        0  __printf_flags_ss_wp.o(.text)
    .text                                    0x080005bc   Section        0  strstr.o(.text)
    .text                                    0x080005e0   Section        0  heapauxi.o(.text)
    .text                                    0x080005e6   Section        2  use_no_semi.o(.text)
    .text                                    0x080005e8   Section        0  _printf_intcommon.o(.text)
    .text                                    0x0800069c   Section        0  _printf_char_common.o(.text)
    _printf_input_char                       0x0800069d   Thumb Code    10  _printf_char_common.o(.text)
    .text                                    0x080006cc   Section        0  _printf_char.o(.text)
    .text                                    0x080006f8   Section        0  _printf_char_file.o(.text)
    .text                                    0x0800071c   Section        0  ferror.o(.text)
    .text                                    0x08000724   Section        8  libspace.o(.text)
    .text                                    0x0800072c   Section       74  sys_stackheap_outer.o(.text)
    .text                                    0x08000776   Section        0  exit.o(.text)
    i.BusFault_Handler                       0x08000782   Section        0  stm32f10x_it.o(i.BusFault_Handler)
    i.DebugMon_Handler                       0x08000784   Section        0  stm32f10x_it.o(i.DebugMon_Handler)
    i.EnsureMessage                          0x08000788   Section        0  as608.o(i.EnsureMessage)
    i.GPIO_Init                              0x080009cc   Section        0  stm32f10x_gpio.o(i.GPIO_Init)
    i.HardFault_Handler                      0x08000a6e   Section        0  stm32f10x_it.o(i.HardFault_Handler)
    i.JudgeStr                               0x08000a70   Section        0  as608.o(i.JudgeStr)
    JudgeStr                                 0x08000a71   Thumb Code    98  as608.o(i.JudgeStr)
    i.MYUSART_SendData                       0x08000ae0   Section        0  as608.o(i.MYUSART_SendData)
    MYUSART_SendData                         0x08000ae1   Thumb Code    16  as608.o(i.MYUSART_SendData)
    i.MemManage_Handler                      0x08000af4   Section        0  stm32f10x_it.o(i.MemManage_Handler)
    i.NMI_Handler                            0x08000af6   Section        0  stm32f10x_it.o(i.NMI_Handler)
    i.NVIC_Init                              0x08000af8   Section        0  misc.o(i.NVIC_Init)
    i.NVIC_PriorityGroupConfig               0x08000b5c   Section        0  misc.o(i.NVIC_PriorityGroupConfig)
    i.OLED_Fill                              0x08000b70   Section        0  oled.o(i.OLED_Fill)
    i.OLED_IIC_Init                          0x08000ba8   Section        0  oled.o(i.OLED_IIC_Init)
    i.OLED_IIC_Start                         0x08000bf0   Section        0  oled.o(i.OLED_IIC_Start)
    i.OLED_IIC_Stop                          0x08000c20   Section        0  oled.o(i.OLED_IIC_Stop)
    i.OLED_IIC_Wait_Ack                      0x08000c50   Section        0  oled.o(i.OLED_IIC_Wait_Ack)
    i.OLED_IIC_Write_Byte                    0x08000c90   Section        0  oled.o(i.OLED_IIC_Write_Byte)
    i.OLED_IIC_Write_Data                    0x08000cc4   Section        0  oled.o(i.OLED_IIC_Write_Data)
    i.OLED_Init                              0x08000cfa   Section        0  oled.o(i.OLED_Init)
    i.OLED_ON                                0x08000dbc   Section        0  oled.o(i.OLED_ON)
    i.OLED_SDA_IN                            0x08000dd0   Section        0  oled.o(i.OLED_SDA_IN)
    i.OLED_SDA_OUT                           0x08000dec   Section        0  oled.o(i.OLED_SDA_OUT)
    i.OLED_SetPos                            0x08000e08   Section        0  oled.o(i.OLED_SetPos)
    i.OLED_ShowStr                           0x08000e30   Section        0  oled.o(i.OLED_ShowStr)
    i.OLED_WriteCmd                          0x08000f08   Section        0  oled.o(i.OLED_WriteCmd)
    i.OLED_WriteDat                          0x08000f12   Section        0  oled.o(i.OLED_WriteDat)
    i.PS_GenChar                             0x08000f1c   Section        0  as608.o(i.PS_GenChar)
    i.PS_GetImage                            0x08000f58   Section        0  as608.o(i.PS_GetImage)
    i.PS_HighSpeedSearch                     0x08000f8c   Section        0  as608.o(i.PS_HighSpeedSearch)
    i.PS_ReadSysPara                         0x08001010   Section        0  as608.o(i.PS_ReadSysPara)
    i.PS_SetAddr                             0x080010f4   Section        0  as608.o(i.PS_SetAddr)
    i.PS_StaGPIO_Init                        0x08001198   Section        0  as608.o(i.PS_StaGPIO_Init)
    i.PS_ValidTempleteNum                    0x080011c4   Section        0  as608.o(i.PS_ValidTempleteNum)
    i.PS_WriteReg                            0x08001240   Section        0  as608.o(i.PS_WriteReg)
    i.PendSV_Handler                         0x080012bc   Section        0  stm32f10x_it.o(i.PendSV_Handler)
    i.RCC_APB1PeriphClockCmd                 0x080012c0   Section        0  stm32f10x_rcc.o(i.RCC_APB1PeriphClockCmd)
    i.RCC_APB1PeriphResetCmd                 0x080012d8   Section        0  stm32f10x_rcc.o(i.RCC_APB1PeriphResetCmd)
    i.RCC_APB2PeriphClockCmd                 0x080012f0   Section        0  stm32f10x_rcc.o(i.RCC_APB2PeriphClockCmd)
    i.RCC_APB2PeriphResetCmd                 0x08001308   Section        0  stm32f10x_rcc.o(i.RCC_APB2PeriphResetCmd)
    i.RCC_GetClocksFreq                      0x08001320   Section        0  stm32f10x_rcc.o(i.RCC_GetClocksFreq)
    i.SVC_Handler                            0x080013b0   Section        0  stm32f10x_it.o(i.SVC_Handler)
    i.SendAddr                               0x080013b4   Section        0  as608.o(i.SendAddr)
    SendAddr                                 0x080013b5   Thumb Code    42  as608.o(i.SendAddr)
    i.SendCheck                              0x080013e4   Section        0  as608.o(i.SendCheck)
    SendCheck                                0x080013e5   Thumb Code    20  as608.o(i.SendCheck)
    i.SendHead                               0x080013f8   Section        0  as608.o(i.SendHead)
    SendHead                                 0x080013f9   Thumb Code    18  as608.o(i.SendHead)
    i.SendLength                             0x0800140a   Section        0  as608.o(i.SendLength)
    SendLength                               0x0800140b   Thumb Code    22  as608.o(i.SendLength)
    i.SetSysClockTo72                        0x08001420   Section        0  system_stm32f10x.o(i.SetSysClockTo72)
    SetSysClockTo72                          0x08001421   Thumb Code   160  system_stm32f10x.o(i.SetSysClockTo72)
    i.SysTick_CLKSourceConfig                0x080014c8   Section        0  misc.o(i.SysTick_CLKSourceConfig)
    i.SysTick_Handler                        0x080014e0   Section        0  stm32f10x_it.o(i.SysTick_Handler)
    i.SystemInit                             0x080014e4   Section        0  system_stm32f10x.o(i.SystemInit)
    i.TIM1_PWM_Init                          0x08001534   Section        0  timer.o(i.TIM1_PWM_Init)
    i.TIM2_IRQHandler                        0x080015cc   Section        0  usmart.o(i.TIM2_IRQHandler)
    i.TIM4_IRQHandler                        0x080015f8   Section        0  timer.o(i.TIM4_IRQHandler)
    i.TIM4_Int_Init                          0x08001630   Section        0  timer.o(i.TIM4_Int_Init)
    i.TIM_ARRPreloadConfig                   0x08001690   Section        0  stm32f10x_tim.o(i.TIM_ARRPreloadConfig)
    i.TIM_ClearITPendingBit                  0x080016a4   Section        0  stm32f10x_tim.o(i.TIM_ClearITPendingBit)
    i.TIM_Cmd                                0x080016aa   Section        0  stm32f10x_tim.o(i.TIM_Cmd)
    i.TIM_CtrlPWMOutputs                     0x080016be   Section        0  stm32f10x_tim.o(i.TIM_CtrlPWMOutputs)
    i.TIM_GetITStatus                        0x080016d4   Section        0  stm32f10x_tim.o(i.TIM_GetITStatus)
    i.TIM_ITConfig                           0x080016ec   Section        0  stm32f10x_tim.o(i.TIM_ITConfig)
    i.TIM_OC1Init                            0x080016fc   Section        0  stm32f10x_tim.o(i.TIM_OC1Init)
    i.TIM_OC1PreloadConfig                   0x0800177c   Section        0  stm32f10x_tim.o(i.TIM_OC1PreloadConfig)
    i.TIM_SetCompare1                        0x08001788   Section        0  stm32f10x_tim.o(i.TIM_SetCompare1)
    i.TIM_SetCounter                         0x0800178c   Section        0  stm32f10x_tim.o(i.TIM_SetCounter)
    i.TIM_TimeBaseInit                       0x08001790   Section        0  stm32f10x_tim.o(i.TIM_TimeBaseInit)
    i.Timer2_Init                            0x0800182c   Section        0  usmart.o(i.Timer2_Init)
    i.USART1_IRQHandler                      0x08001874   Section        0  usart.o(i.USART1_IRQHandler)
    i.USART2_IRQHandler                      0x080018d8   Section        0  usart2.o(i.USART2_IRQHandler)
    i.USART_Cmd                              0x08001940   Section        0  stm32f10x_usart.o(i.USART_Cmd)
    i.USART_DeInit                           0x08001954   Section        0  stm32f10x_usart.o(i.USART_DeInit)
    i.USART_GetITStatus                      0x080019c8   Section        0  stm32f10x_usart.o(i.USART_GetITStatus)
    i.USART_ITConfig                         0x08001a06   Section        0  stm32f10x_usart.o(i.USART_ITConfig)
    i.USART_Init                             0x08001a38   Section        0  stm32f10x_usart.o(i.USART_Init)
    i.USART_ReceiveData                      0x08001ae4   Section        0  stm32f10x_usart.o(i.USART_ReceiveData)
    i.UsageFault_Handler                     0x08001aec   Section        0  stm32f10x_it.o(i.UsageFault_Handler)
    i._is_digit                              0x08001aee   Section        0  __printf_wp.o(i._is_digit)
    i._sys_exit                              0x08001afc   Section        0  usart.o(i._sys_exit)
    i.delay_init                             0x08001b00   Section        0  delay.o(i.delay_init)
    i.delay_ms                               0x08001b3c   Section        0  delay.o(i.delay_ms)
    i.delay_us                               0x08001b70   Section        0  delay.o(i.delay_us)
    i.fputc                                  0x08001ba4   Section        0  usart.o(i.fputc)
    i.main                                   0x08001bbc   Section        0  main.o(i.main)
    i.press_FR                               0x08001c18   Section        0  main.o(i.press_FR)
    i.read_addr                              0x08001d48   Section        0  usmart.o(i.read_addr)
    i.usart2_init                            0x08001d4c   Section        0  usart2.o(i.usart2_init)
    i.usmart_cmd_rec                         0x08001e18   Section        0  usmart.o(i.usmart_cmd_rec)
    i.usmart_exe                             0x08001eac   Section        0  usmart.o(i.usmart_exe)
    i.usmart_get_aparm                       0x08002110   Section        0  usmart_str.o(i.usmart_get_aparm)
    i.usmart_get_cmdname                     0x080021ae   Section        0  usmart_str.o(i.usmart_get_cmdname)
    i.usmart_get_fname                       0x080021dc   Section        0  usmart_str.o(i.usmart_get_fname)
    i.usmart_get_fparam                      0x0800234c   Section        0  usmart_str.o(i.usmart_get_fparam)
    i.usmart_get_parmpos                     0x08002420   Section        0  usmart_str.o(i.usmart_get_parmpos)
    i.usmart_get_runtime                     0x08002444   Section        0  usmart.o(i.usmart_get_runtime)
    i.usmart_init                            0x0800246c   Section        0  usmart.o(i.usmart_init)
    i.usmart_pow                             0x08002494   Section        0  usmart_str.o(i.usmart_pow)
    i.usmart_reset_runtime                   0x080024a4   Section        0  usmart.o(i.usmart_reset_runtime)
    i.usmart_scan                            0x080024c8   Section        0  usmart.o(i.usmart_scan)
    i.usmart_search_nextc                    0x0800256c   Section        0  usmart_str.o(i.usmart_search_nextc)
    i.usmart_str2num                         0x0800257c   Section        0  usmart_str.o(i.usmart_str2num)
    i.usmart_strcmp                          0x08002622   Section        0  usmart_str.o(i.usmart_strcmp)
    i.usmart_strcopy                         0x0800263a   Section        0  usmart_str.o(i.usmart_strcopy)
    i.usmart_strlen                          0x0800264c   Section        0  usmart_str.o(i.usmart_strlen)
    i.usmart_sys_cmd_exe                     0x08002660   Section        0  usmart.o(i.usmart_sys_cmd_exe)
    i.write_addr                             0x08002cd0   Section        0  usmart.o(i.write_addr)
    .constdata                               0x08002cd4   Section     2072  oled.o(.constdata)
    .constdata                               0x080034ec   Section       40  _printf_hex_int_ll_ptr.o(.constdata)
    uc_hextab                                0x080034ec   Data          20  _printf_hex_int_ll_ptr.o(.constdata)
    lc_hextab                                0x08003500   Data          20  _printf_hex_int_ll_ptr.o(.constdata)
    .constdata                               0x08003514   Section       17  __printf_flags_ss_wp.o(.constdata)
    maptable                                 0x08003514   Data          17  __printf_flags_ss_wp.o(.constdata)
    .conststring                             0x08003528   Section       40  usmart.o(.conststring)
    .conststring                             0x08003550   Section      295  usmart_config.o(.conststring)
    .data                                    0x20000000   Section       20  system_stm32f10x.o(.data)
    .data                                    0x20000014   Section        2  usart2.o(.data)
    .data                                    0x20000018   Section        4  as608.o(.data)
    .data                                    0x2000001c   Section      164  oled.o(.data)
    .data                                    0x200000c0   Section        4  delay.o(.data)
    fac_us                                   0x200000c0   Data           1  delay.o(.data)
    fac_ms                                   0x200000c2   Data           2  delay.o(.data)
    .data                                    0x200000c4   Section        2  usart.o(.data)
    .data                                    0x200000c8   Section        4  usart.o(.data)
    .data                                    0x200000cc   Section       20  stm32f10x_rcc.o(.data)
    ADCPrescTable                            0x200000cc   Data           4  stm32f10x_rcc.o(.data)
    APBAHBPrescTable                         0x200000d0   Data          16  stm32f10x_rcc.o(.data)
    .data                                    0x200000e0   Section       28  usmart.o(.data)
    .data                                    0x200000fc   Section       48  usmart_config.o(.data)
    .data                                    0x2000012c   Section      244  usmart_config.o(.data)
    .bss                                     0x20000220   Section      800  usart2.o(.bss)
    .bss                                     0x20000540   Section      200  usart.o(.bss)
    .bss                                     0x20000608   Section       96  libspace.o(.bss)
    HEAP                                     0x20000668   Section      512  startup_stm32f10x_hd.o(HEAP)
    Heap_Mem                                 0x20000668   Data         512  startup_stm32f10x_hd.o(HEAP)
    STACK                                    0x20000868   Section     1024  startup_stm32f10x_hd.o(STACK)
    Stack_Mem                                0x20000868   Data        1024  startup_stm32f10x_hd.o(STACK)
    __initial_sp                             0x20000c68   Data           0  startup_stm32f10x_hd.o(STACK)

    Global Symbols

    Symbol Name                              Value     Ov Type        Size  Object(Section)

    BuildAttributes$$THM_ISAv4$P$D$K$B$S$PE$A:L22UL41UL21$X:L11$S22US41US21$IEEE1$IW$USESV6$~STKCKD$USESV7$~SHL$OTIME$ROPI$IEEEJ$EBA8$UX$STANDARDLIB$REQ8$PRES8$EABIv2 0x00000000   Number         0  anon$$obj.o ABSOLUTE
    __ARM_use_no_argv                        0x00000000   Number         0  main.o ABSOLUTE
    _printf_flags                            0x00000000   Number         0  printf_stubs.o ABSOLUTE
    _printf_return_value                     0x00000000   Number         0  printf_stubs.o ABSOLUTE
    _printf_sizespec                         0x00000000   Number         0  printf_stubs.o ABSOLUTE
    _printf_widthprec                        0x00000000   Number         0  printf_stubs.o ABSOLUTE
    __ARM_exceptions_init                     - Undefined Weak Reference
    __alloca_initialize                       - Undefined Weak Reference
    __arm_preinit_                            - Undefined Weak Reference
    __cpp_initialize__aeabi_                  - Undefined Weak Reference
    __cxa_finalize                            - Undefined Weak Reference
    __sigvec_lookup                           - Undefined Weak Reference
    _atexit_init                              - Undefined Weak Reference
    _call_atexit_fns                          - Undefined Weak Reference
    _clock_init                               - Undefined Weak Reference
    _fp_trap_init                             - Undefined Weak Reference
    _fp_trap_shutdown                         - Undefined Weak Reference
    _get_lc_collate                           - Undefined Weak Reference
    _get_lc_monetary                          - Undefined Weak Reference
    _get_lc_time                              - Undefined Weak Reference
    _getenv_init                              - Undefined Weak Reference
    _handle_redirection                       - Undefined Weak Reference
    _init_alloc                               - Undefined Weak Reference
    _init_user_alloc                          - Undefined Weak Reference
    _initio                                   - Undefined Weak Reference
    _mutex_acquire                            - Undefined Weak Reference
    _mutex_release                            - Undefined Weak Reference
    _printf_fp_hex                            - Undefined Weak Reference
    _printf_mbtowc                            - Undefined Weak Reference
    _printf_wc                                - Undefined Weak Reference
    _rand_init                                - Undefined Weak Reference
    _signal_finish                            - Undefined Weak Reference
    _signal_init                              - Undefined Weak Reference
    _terminate_alloc                          - Undefined Weak Reference
    _terminate_user_alloc                     - Undefined Weak Reference
    _terminateio                              - Undefined Weak Reference
    __Vectors_Size                           0x00000130   Number         0  startup_stm32f10x_hd.o ABSOLUTE
    __Vectors                                0x08000000   Data           4  startup_stm32f10x_hd.o(RESET)
    __Vectors_End                            0x08000130   Data           0  startup_stm32f10x_hd.o(RESET)
    __main                                   0x08000131   Thumb Code     8  __main.o(!!!main)
    __scatterload                            0x08000139   Thumb Code     0  __scatter.o(!!!scatter)
    __scatterload_rt2                        0x08000139   Thumb Code    44  __scatter.o(!!!scatter)
    __scatterload_rt2_thumb_only             0x08000139   Thumb Code     0  __scatter.o(!!!scatter)
    __scatterload_null                       0x08000147   Thumb Code     0  __scatter.o(!!!scatter)
    __decompress                             0x0800016d   Thumb Code    90  __dczerorl2.o(!!dczerorl2)
    __decompress1                            0x0800016d   Thumb Code     0  __dczerorl2.o(!!dczerorl2)
    __scatterload_zeroinit                   0x080001c9   Thumb Code    28  __scatter_zi.o(!!handler_zi)
    _printf_d                                0x080001e5   Thumb Code     0  _printf_d.o(.ARM.Collect$$_printf_percent$$00000009)
    _printf_percent                          0x080001e5   Thumb Code     0  _printf_percent.o(.ARM.Collect$$_printf_percent$$00000000)
    _printf_u                                0x080001eb   Thumb Code     0  _printf_u.o(.ARM.Collect$$_printf_percent$$0000000A)
    _printf_x                                0x080001f1   Thumb Code     0  _printf_x.o(.ARM.Collect$$_printf_percent$$0000000C)
    _printf_c                                0x080001f7   Thumb Code     0  _printf_c.o(.ARM.Collect$$_printf_percent$$00000013)
    _printf_s                                0x080001fd   Thumb Code     0  _printf_s.o(.ARM.Collect$$_printf_percent$$00000014)
    _printf_percent_end                      0x08000203   Thumb Code     0  _printf_percent_end.o(.ARM.Collect$$_printf_percent$$00000017)
    __rt_lib_init                            0x08000207   Thumb Code     0  libinit.o(.ARM.Collect$$libinit$$00000000)
    __rt_lib_init_alloca_1                   0x08000209   Thumb Code     0  libinit2.o(.ARM.Collect$$libinit$$0000002E)
    __rt_lib_init_argv_1                     0x08000209   Thumb Code     0  libinit2.o(.ARM.Collect$$libinit$$0000002C)
    __rt_lib_init_atexit_1                   0x08000209   Thumb Code     0  libinit2.o(.ARM.Collect$$libinit$$0000001B)
    __rt_lib_init_clock_1                    0x08000209   Thumb Code     0  libinit2.o(.ARM.Collect$$libinit$$00000021)
    __rt_lib_init_cpp_1                      0x08000209   Thumb Code     0  libinit2.o(.ARM.Collect$$libinit$$00000032)
    __rt_lib_init_exceptions_1               0x08000209   Thumb Code     0  libinit2.o(.ARM.Collect$$libinit$$00000030)
    __rt_lib_init_fp_1                       0x08000209   Thumb Code     0  libinit2.o(.ARM.Collect$$libinit$$00000002)
    __rt_lib_init_fp_trap_1                  0x08000209   Thumb Code     0  libinit2.o(.ARM.Collect$$libinit$$0000001F)
    __rt_lib_init_getenv_1                   0x08000209   Thumb Code     0  libinit2.o(.ARM.Collect$$libinit$$00000023)
    __rt_lib_init_heap_1                     0x08000209   Thumb Code     0  libinit2.o(.ARM.Collect$$libinit$$0000000A)
    __rt_lib_init_lc_collate_1               0x08000209   Thumb Code     0  libinit2.o(.ARM.Collect$$libinit$$00000011)
    __rt_lib_init_lc_ctype_1                 0x08000209   Thumb Code     0  libinit2.o(.ARM.Collect$$libinit$$00000013)
    __rt_lib_init_lc_monetary_1              0x08000209   Thumb Code     0  libinit2.o(.ARM.Collect$$libinit$$00000015)
    __rt_lib_init_lc_numeric_1               0x08000209   Thumb Code     0  libinit2.o(.ARM.Collect$$libinit$$00000017)
    __rt_lib_init_lc_time_1                  0x08000209   Thumb Code     0  libinit2.o(.ARM.Collect$$libinit$$00000019)
    __rt_lib_init_preinit_1                  0x08000209   Thumb Code     0  libinit2.o(.ARM.Collect$$libinit$$00000004)
    __rt_lib_init_rand_1                     0x08000209   Thumb Code     0  libinit2.o(.ARM.Collect$$libinit$$0000000E)
    __rt_lib_init_return                     0x08000209   Thumb Code     0  libinit2.o(.ARM.Collect$$libinit$$00000033)
    __rt_lib_init_signal_1                   0x08000209   Thumb Code     0  libinit2.o(.ARM.Collect$$libinit$$0000001D)
    __rt_lib_init_stdio_1                    0x08000209   Thumb Code     0  libinit2.o(.ARM.Collect$$libinit$$00000025)
    __rt_lib_init_user_alloc_1               0x08000209   Thumb Code     0  libinit2.o(.ARM.Collect$$libinit$$0000000C)
    __rt_lib_shutdown                        0x0800020b   Thumb Code     0  libshutdown.o(.ARM.Collect$$libshutdown$$00000000)
    __rt_lib_shutdown_fp_trap_1              0x0800020d   Thumb Code     0  libshutdown2.o(.ARM.Collect$$libshutdown$$00000006)
    __rt_lib_shutdown_heap_1                 0x0800020d   Thumb Code     0  libshutdown2.o(.ARM.Collect$$libshutdown$$0000000E)
    __rt_lib_shutdown_return                 0x0800020d   Thumb Code     0  libshutdown2.o(.ARM.Collect$$libshutdown$$0000000F)
    __rt_lib_shutdown_signal_1               0x0800020d   Thumb Code     0  libshutdown2.o(.ARM.Collect$$libshutdown$$00000009)
    __rt_lib_shutdown_stdio_1                0x0800020d   Thumb Code     0  libshutdown2.o(.ARM.Collect$$libshutdown$$00000003)
    __rt_lib_shutdown_user_alloc_1           0x0800020d   Thumb Code     0  libshutdown2.o(.ARM.Collect$$libshutdown$$0000000B)
    __rt_entry                               0x0800020f   Thumb Code     0  __rtentry.o(.ARM.Collect$$rtentry$$00000000)
    __rt_entry_presh_1                       0x0800020f   Thumb Code     0  __rtentry2.o(.ARM.Collect$$rtentry$$00000002)
    __rt_entry_sh                            0x0800020f   Thumb Code     0  __rtentry4.o(.ARM.Collect$$rtentry$$00000004)
    __rt_entry_li                            0x08000215   Thumb Code     0  __rtentry2.o(.ARM.Collect$$rtentry$$0000000A)
    __rt_entry_postsh_1                      0x08000215   Thumb Code     0  __rtentry2.o(.ARM.Collect$$rtentry$$00000009)
    __rt_entry_main                          0x08000219   Thumb Code     0  __rtentry2.o(.ARM.Collect$$rtentry$$0000000D)
    __rt_entry_postli_1                      0x08000219   Thumb Code     0  __rtentry2.o(.ARM.Collect$$rtentry$$0000000C)
    __rt_exit                                0x08000221   Thumb Code     0  rtexit.o(.ARM.Collect$$rtexit$$00000000)
    __rt_exit_ls                             0x08000223   Thumb Code     0  rtexit2.o(.ARM.Collect$$rtexit$$00000003)
    __rt_exit_prels_1                        0x08000223   Thumb Code     0  rtexit2.o(.ARM.Collect$$rtexit$$00000002)
    __rt_exit_exit                           0x08000227   Thumb Code     0  rtexit2.o(.ARM.Collect$$rtexit$$00000004)
    Reset_Handler                            0x0800022d   Thumb Code     8  startup_stm32f10x_hd.o(.text)
    ADC1_2_IRQHandler                        0x08000247   Thumb Code     0  startup_stm32f10x_hd.o(.text)
    ADC3_IRQHandler                          0x08000247   Thumb Code     0  startup_stm32f10x_hd.o(.text)
    CAN1_RX1_IRQHandler                      0x08000247   Thumb Code     0  startup_stm32f10x_hd.o(.text)
    CAN1_SCE_IRQHandler                      0x08000247   Thumb Code     0  startup_stm32f10x_hd.o(.text)
    DMA1_Channel1_IRQHandler                 0x08000247   Thumb Code     0  startup_stm32f10x_hd.o(.text)
    DMA1_Channel2_IRQHandler                 0x08000247   Thumb Code     0  startup_stm32f10x_hd.o(.text)
    DMA1_Channel3_IRQHandler                 0x08000247   Thumb Code     0  startup_stm32f10x_hd.o(.text)
    DMA1_Channel4_IRQHandler                 0x08000247   Thumb Code     0  startup_stm32f10x_hd.o(.text)
    DMA1_Channel5_IRQHandler                 0x08000247   Thumb Code     0  startup_stm32f10x_hd.o(.text)
    DMA1_Channel6_IRQHandler                 0x08000247   Thumb Code     0  startup_stm32f10x_hd.o(.text)
    DMA1_Channel7_IRQHandler                 0x08000247   Thumb Code     0  startup_stm32f10x_hd.o(.text)
    DMA2_Channel1_IRQHandler                 0x08000247   Thumb Code     0  startup_stm32f10x_hd.o(.text)
    DMA2_Channel2_IRQHandler                 0x08000247   Thumb Code     0  startup_stm32f10x_hd.o(.text)
    DMA2_Channel3_IRQHandler                 0x08000247   Thumb Code     0  startup_stm32f10x_hd.o(.text)
    DMA2_Channel4_5_IRQHandler               0x08000247   Thumb Code     0  startup_stm32f10x_hd.o(.text)
    EXTI0_IRQHandler                         0x08000247   Thumb Code     0  startup_stm32f10x_hd.o(.text)
    EXTI15_10_IRQHandler                     0x08000247   Thumb Code     0  startup_stm32f10x_hd.o(.text)
    EXTI1_IRQHandler                         0x08000247   Thumb Code     0  startup_stm32f10x_hd.o(.text)
    EXTI2_IRQHandler                         0x08000247   Thumb Code     0  startup_stm32f10x_hd.o(.text)
    EXTI3_IRQHandler                         0x08000247   Thumb Code     0  startup_stm32f10x_hd.o(.text)
    EXTI4_IRQHandler                         0x08000247   Thumb Code     0  startup_stm32f10x_hd.o(.text)
    EXTI9_5_IRQHandler                       0x08000247   Thumb Code     0  startup_stm32f10x_hd.o(.text)
    FLASH_IRQHandler                         0x08000247   Thumb Code     0  startup_stm32f10x_hd.o(.text)
    FSMC_IRQHandler                          0x08000247   Thumb Code     0  startup_stm32f10x_hd.o(.text)
    I2C1_ER_IRQHandler                       0x08000247   Thumb Code     0  startup_stm32f10x_hd.o(.text)
    I2C1_EV_IRQHandler                       0x08000247   Thumb Code     0  startup_stm32f10x_hd.o(.text)
    I2C2_ER_IRQHandler                       0x08000247   Thumb Code     0  startup_stm32f10x_hd.o(.text)
    I2C2_EV_IRQHandler                       0x08000247   Thumb Code     0  startup_stm32f10x_hd.o(.text)
    PVD_IRQHandler                           0x08000247   Thumb Code     0  startup_stm32f10x_hd.o(.text)
    RCC_IRQHandler                           0x08000247   Thumb Code     0  startup_stm32f10x_hd.o(.text)
    RTCAlarm_IRQHandler                      0x08000247   Thumb Code     0  startup_stm32f10x_hd.o(.text)
    RTC_IRQHandler                           0x08000247   Thumb Code     0  startup_stm32f10x_hd.o(.text)
    SDIO_IRQHandler                          0x08000247   Thumb Code     0  startup_stm32f10x_hd.o(.text)
    SPI1_IRQHandler                          0x08000247   Thumb Code     0  startup_stm32f10x_hd.o(.text)
    SPI2_IRQHandler                          0x08000247   Thumb Code     0  startup_stm32f10x_hd.o(.text)
    SPI3_IRQHandler                          0x08000247   Thumb Code     0  startup_stm32f10x_hd.o(.text)
    TAMPER_IRQHandler                        0x08000247   Thumb Code     0  startup_stm32f10x_hd.o(.text)
    TIM1_BRK_IRQHandler                      0x08000247   Thumb Code     0  startup_stm32f10x_hd.o(.text)
    TIM1_CC_IRQHandler                       0x08000247   Thumb Code     0  startup_stm32f10x_hd.o(.text)
    TIM1_TRG_COM_IRQHandler                  0x08000247   Thumb Code     0  startup_stm32f10x_hd.o(.text)
    TIM1_UP_IRQHandler                       0x08000247   Thumb Code     0  startup_stm32f10x_hd.o(.text)
    TIM3_IRQHandler                          0x08000247   Thumb Code     0  startup_stm32f10x_hd.o(.text)
    TIM5_IRQHandler                          0x08000247   Thumb Code     0  startup_stm32f10x_hd.o(.text)
    TIM6_IRQHandler                          0x08000247   Thumb Code     0  startup_stm32f10x_hd.o(.text)
    TIM7_IRQHandler                          0x08000247   Thumb Code     0  startup_stm32f10x_hd.o(.text)
    TIM8_BRK_IRQHandler                      0x08000247   Thumb Code     0  startup_stm32f10x_hd.o(.text)
    TIM8_CC_IRQHandler                       0x08000247   Thumb Code     0  startup_stm32f10x_hd.o(.text)
    TIM8_TRG_COM_IRQHandler                  0x08000247   Thumb Code     0  startup_stm32f10x_hd.o(.text)
    TIM8_UP_IRQHandler                       0x08000247   Thumb Code     0  startup_stm32f10x_hd.o(.text)
    UART4_IRQHandler                         0x08000247   Thumb Code     0  startup_stm32f10x_hd.o(.text)
    UART5_IRQHandler                         0x08000247   Thumb Code     0  startup_stm32f10x_hd.o(.text)
    USART3_IRQHandler                        0x08000247   Thumb Code     0  startup_stm32f10x_hd.o(.text)
    USBWakeUp_IRQHandler                     0x08000247   Thumb Code     0  startup_stm32f10x_hd.o(.text)
    USB_HP_CAN1_TX_IRQHandler                0x08000247   Thumb Code     0  startup_stm32f10x_hd.o(.text)
    USB_LP_CAN1_RX0_IRQHandler               0x08000247   Thumb Code     0  startup_stm32f10x_hd.o(.text)
    WWDG_IRQHandler                          0x08000247   Thumb Code     0  startup_stm32f10x_hd.o(.text)
    __user_initial_stackheap                 0x08000249   Thumb Code     0  startup_stm32f10x_hd.o(.text)
    __use_no_semihosting                     0x0800026d   Thumb Code     2  use_no_semi_2.o(.text)
    __2printf                                0x08000271   Thumb Code    20  __2printf.o(.text)
    _printf_pre_padding                      0x08000289   Thumb Code    44  _printf_pad.o(.text)
    _printf_post_padding                     0x080002b5   Thumb Code    34  _printf_pad.o(.text)
    _printf_str                              0x080002d7   Thumb Code    82  _printf_str.o(.text)
    _printf_int_dec                          0x08000329   Thumb Code   104  _printf_dec.o(.text)
    _printf_longlong_hex                     0x080003a1   Thumb Code    86  _printf_hex_int_ll_ptr.o(.text)
    _printf_int_hex                          0x080003f7   Thumb Code    28  _printf_hex_int_ll_ptr.o(.text)
    _printf_ll_hex                           0x08000413   Thumb Code    12  _printf_hex_int_ll_ptr.o(.text)
    _printf_hex_ptr                          0x0800041f   Thumb Code    18  _printf_hex_int_ll_ptr.o(.text)
    __printf                                 0x08000435   Thumb Code   388  __printf_flags_ss_wp.o(.text)
    strstr                                   0x080005bd   Thumb Code    36  strstr.o(.text)
    __use_two_region_memory                  0x080005e1   Thumb Code     2  heapauxi.o(.text)
    __rt_heap_escrow$2region                 0x080005e3   Thumb Code     2  heapauxi.o(.text)
    __rt_heap_expand$2region                 0x080005e5   Thumb Code     2  heapauxi.o(.text)
    __I$use$semihosting                      0x080005e7   Thumb Code     0  use_no_semi.o(.text)
    __use_no_semihosting_swi                 0x080005e7   Thumb Code     2  use_no_semi.o(.text)
    _printf_int_common                       0x080005e9   Thumb Code   178  _printf_intcommon.o(.text)
    _printf_char_common                      0x080006a7   Thumb Code    32  _printf_char_common.o(.text)
    _printf_cs_common                        0x080006cd   Thumb Code    20  _printf_char.o(.text)
    _printf_char                             0x080006e1   Thumb Code    16  _printf_char.o(.text)
    _printf_string                           0x080006f1   Thumb Code     8  _printf_char.o(.text)
    _printf_char_file                        0x080006f9   Thumb Code    32  _printf_char_file.o(.text)
    ferror                                   0x0800071d   Thumb Code     8  ferror.o(.text)
    __user_libspace                          0x08000725   Thumb Code     8  libspace.o(.text)
    __user_perproc_libspace                  0x08000725   Thumb Code     0  libspace.o(.text)
    __user_perthread_libspace                0x08000725   Thumb Code     0  libspace.o(.text)
    __user_setup_stackheap                   0x0800072d   Thumb Code    74  sys_stackheap_outer.o(.text)
    exit                                     0x08000777   Thumb Code    12  exit.o(.text)
    BusFault_Handler                         0x08000783   Thumb Code     2  stm32f10x_it.o(i.BusFault_Handler)
    DebugMon_Handler                         0x08000785   Thumb Code     2  stm32f10x_it.o(i.DebugMon_Handler)
    EnsureMessage                            0x08000789   Thumb Code   130  as608.o(i.EnsureMessage)
    GPIO_Init                                0x080009cd   Thumb Code   162  stm32f10x_gpio.o(i.GPIO_Init)
    HardFault_Handler                        0x08000a6f   Thumb Code     2  stm32f10x_it.o(i.HardFault_Handler)
    MemManage_Handler                        0x08000af5   Thumb Code     2  stm32f10x_it.o(i.MemManage_Handler)
    NMI_Handler                              0x08000af7   Thumb Code     2  stm32f10x_it.o(i.NMI_Handler)
    NVIC_Init                                0x08000af9   Thumb Code    94  misc.o(i.NVIC_Init)
    NVIC_PriorityGroupConfig                 0x08000b5d   Thumb Code    10  misc.o(i.NVIC_PriorityGroupConfig)
    OLED_Fill                                0x08000b71   Thumb Code    56  oled.o(i.OLED_Fill)
    OLED_IIC_Init                            0x08000ba9   Thumb Code    62  oled.o(i.OLED_IIC_Init)
    OLED_IIC_Start                           0x08000bf1   Thumb Code    42  oled.o(i.OLED_IIC_Start)
    OLED_IIC_Stop                            0x08000c21   Thumb Code    42  oled.o(i.OLED_IIC_Stop)
    OLED_IIC_Wait_Ack                        0x08000c51   Thumb Code    58  oled.o(i.OLED_IIC_Wait_Ack)
    OLED_IIC_Write_Byte                      0x08000c91   Thumb Code    48  oled.o(i.OLED_IIC_Write_Byte)
    OLED_IIC_Write_Data                      0x08000cc5   Thumb Code    54  oled.o(i.OLED_IIC_Write_Data)
    OLED_Init                                0x08000cfb   Thumb Code   194  oled.o(i.OLED_Init)
    OLED_ON                                  0x08000dbd   Thumb Code    18  oled.o(i.OLED_ON)
    OLED_SDA_IN                              0x08000dd1   Thumb Code    18  oled.o(i.OLED_SDA_IN)
    OLED_SDA_OUT                             0x08000ded   Thumb Code    18  oled.o(i.OLED_SDA_OUT)
    OLED_SetPos                              0x08000e09   Thumb Code    38  oled.o(i.OLED_SetPos)
    OLED_ShowStr                             0x08000e31   Thumb Code   208  oled.o(i.OLED_ShowStr)
    OLED_WriteCmd                            0x08000f09   Thumb Code    10  oled.o(i.OLED_WriteCmd)
    OLED_WriteDat                            0x08000f13   Thumb Code    10  oled.o(i.OLED_WriteDat)
    PS_GenChar                               0x08000f1d   Thumb Code    60  as608.o(i.PS_GenChar)
    PS_GetImage                              0x08000f59   Thumb Code    52  as608.o(i.PS_GetImage)
    PS_HighSpeedSearch                       0x08000f8d   Thumb Code   132  as608.o(i.PS_HighSpeedSearch)
    PS_ReadSysPara                           0x08001011   Thumb Code   154  as608.o(i.PS_ReadSysPara)
    PS_SetAddr                               0x080010f5   Thumb Code   130  as608.o(i.PS_SetAddr)
    PS_StaGPIO_Init                          0x08001199   Thumb Code    38  as608.o(i.PS_StaGPIO_Init)
    PS_ValidTempleteNum                      0x080011c5   Thumb Code    96  as608.o(i.PS_ValidTempleteNum)
    PS_WriteReg                              0x08001241   Thumb Code    96  as608.o(i.PS_WriteReg)
    PendSV_Handler                           0x080012bd   Thumb Code     2  stm32f10x_it.o(i.PendSV_Handler)
    RCC_APB1PeriphClockCmd                   0x080012c1   Thumb Code    18  stm32f10x_rcc.o(i.RCC_APB1PeriphClockCmd)
    RCC_APB1PeriphResetCmd                   0x080012d9   Thumb Code    18  stm32f10x_rcc.o(i.RCC_APB1PeriphResetCmd)
    RCC_APB2PeriphClockCmd                   0x080012f1   Thumb Code    18  stm32f10x_rcc.o(i.RCC_APB2PeriphClockCmd)
    RCC_APB2PeriphResetCmd                   0x08001309   Thumb Code    18  stm32f10x_rcc.o(i.RCC_APB2PeriphResetCmd)
    RCC_GetClocksFreq                        0x08001321   Thumb Code   128  stm32f10x_rcc.o(i.RCC_GetClocksFreq)
    SVC_Handler                              0x080013b1   Thumb Code     2  stm32f10x_it.o(i.SVC_Handler)
    SysTick_CLKSourceConfig                  0x080014c9   Thumb Code    24  misc.o(i.SysTick_CLKSourceConfig)
    SysTick_Handler                          0x080014e1   Thumb Code     2  stm32f10x_it.o(i.SysTick_Handler)
    SystemInit                               0x080014e5   Thumb Code    64  system_stm32f10x.o(i.SystemInit)
    TIM1_PWM_Init                            0x08001535   Thumb Code   144  timer.o(i.TIM1_PWM_Init)
    TIM2_IRQHandler                          0x080015cd   Thumb Code    38  usmart.o(i.TIM2_IRQHandler)
    TIM4_IRQHandler                          0x080015f9   Thumb Code    48  timer.o(i.TIM4_IRQHandler)
    TIM4_Int_Init                            0x08001631   Thumb Code    90  timer.o(i.TIM4_Int_Init)
    TIM_ARRPreloadConfig                     0x08001691   Thumb Code    20  stm32f10x_tim.o(i.TIM_ARRPreloadConfig)
    TIM_ClearITPendingBit                    0x080016a5   Thumb Code     6  stm32f10x_tim.o(i.TIM_ClearITPendingBit)
    TIM_Cmd                                  0x080016ab   Thumb Code    20  stm32f10x_tim.o(i.TIM_Cmd)
    TIM_CtrlPWMOutputs                       0x080016bf   Thumb Code    22  stm32f10x_tim.o(i.TIM_CtrlPWMOutputs)
    TIM_GetITStatus                          0x080016d5   Thumb Code    24  stm32f10x_tim.o(i.TIM_GetITStatus)
    TIM_ITConfig                             0x080016ed   Thumb Code    16  stm32f10x_tim.o(i.TIM_ITConfig)
    TIM_OC1Init                              0x080016fd   Thumb Code   106  stm32f10x_tim.o(i.TIM_OC1Init)
    TIM_OC1PreloadConfig                     0x0800177d   Thumb Code    12  stm32f10x_tim.o(i.TIM_OC1PreloadConfig)
    TIM_SetCompare1                          0x08001789   Thumb Code     4  stm32f10x_tim.o(i.TIM_SetCompare1)
    TIM_SetCounter                           0x0800178d   Thumb Code     4  stm32f10x_tim.o(i.TIM_SetCounter)
    TIM_TimeBaseInit                         0x08001791   Thumb Code   114  stm32f10x_tim.o(i.TIM_TimeBaseInit)
    Timer2_Init                              0x0800182d   Thumb Code    66  usmart.o(i.Timer2_Init)
    USART1_IRQHandler                        0x08001875   Thumb Code    88  usart.o(i.USART1_IRQHandler)
    USART2_IRQHandler                        0x080018d9   Thumb Code    88  usart2.o(i.USART2_IRQHandler)
    USART_Cmd                                0x08001941   Thumb Code    20  stm32f10x_usart.o(i.USART_Cmd)
    USART_DeInit                             0x08001955   Thumb Code    96  stm32f10x_usart.o(i.USART_DeInit)
    USART_GetITStatus                        0x080019c9   Thumb Code    62  stm32f10x_usart.o(i.USART_GetITStatus)
    USART_ITConfig                           0x08001a07   Thumb Code    48  stm32f10x_usart.o(i.USART_ITConfig)
    USART_Init                               0x08001a39   Thumb Code   166  stm32f10x_usart.o(i.USART_Init)
    USART_ReceiveData                        0x08001ae5   Thumb Code     8  stm32f10x_usart.o(i.USART_ReceiveData)
    UsageFault_Handler                       0x08001aed   Thumb Code     2  stm32f10x_it.o(i.UsageFault_Handler)
    _is_digit                                0x08001aef   Thumb Code    14  __printf_wp.o(i._is_digit)
    _sys_exit                                0x08001afd   Thumb Code     2  usart.o(i._sys_exit)
    delay_init                               0x08001b01   Thumb Code    46  delay.o(i.delay_init)
    delay_ms                                 0x08001b3d   Thumb Code    46  delay.o(i.delay_ms)
    delay_us                                 0x08001b71   Thumb Code    46  delay.o(i.delay_us)
    fputc                                    0x08001ba5   Thumb Code    18  usart.o(i.fputc)
    main                                     0x08001bbd   Thumb Code    84  main.o(i.main)
    press_FR                                 0x08001c19   Thumb Code   178  main.o(i.press_FR)
    read_addr                                0x08001d49   Thumb Code     4  usmart.o(i.read_addr)
    usart2_init                              0x08001d4d   Thumb Code   184  usart2.o(i.usart2_init)
    usmart_cmd_rec                           0x08001e19   Thumb Code   144  usmart.o(i.usmart_cmd_rec)
    usmart_exe                               0x08001ead   Thumb Code   514  usmart.o(i.usmart_exe)
    usmart_get_aparm                         0x08002111   Thumb Code   158  usmart_str.o(i.usmart_get_aparm)
    usmart_get_cmdname                       0x080021af   Thumb Code    46  usmart_str.o(i.usmart_get_cmdname)
    usmart_get_fname                         0x080021dd   Thumb Code   358  usmart_str.o(i.usmart_get_fname)
    usmart_get_fparam                        0x0800234d   Thumb Code   208  usmart_str.o(i.usmart_get_fparam)
    usmart_get_parmpos                       0x08002421   Thumb Code    30  usmart_str.o(i.usmart_get_parmpos)
    usmart_get_runtime                       0x08002445   Thumb Code    36  usmart.o(i.usmart_get_runtime)
    usmart_init                              0x0800246d   Thumb Code    36  usmart.o(i.usmart_init)
    usmart_pow                               0x08002495   Thumb Code    16  usmart_str.o(i.usmart_pow)
    usmart_reset_runtime                     0x080024a5   Thumb Code    30  usmart.o(i.usmart_reset_runtime)
    usmart_scan                              0x080024c9   Thumb Code    94  usmart.o(i.usmart_scan)
    usmart_search_nextc                      0x0800256d   Thumb Code    16  usmart_str.o(i.usmart_search_nextc)
    usmart_str2num                           0x0800257d   Thumb Code   166  usmart_str.o(i.usmart_str2num)
    usmart_strcmp                            0x08002623   Thumb Code    24  usmart_str.o(i.usmart_strcmp)
    usmart_strcopy                           0x0800263b   Thumb Code    18  usmart_str.o(i.usmart_strcopy)
    usmart_strlen                            0x0800264d   Thumb Code    18  usmart_str.o(i.usmart_strlen)
    usmart_sys_cmd_exe                       0x08002661   Thumb Code  1442  usmart.o(i.usmart_sys_cmd_exe)
    write_addr                               0x08002cd1   Thumb Code     4  usmart.o(i.write_addr)
    F6x8                                     0x08002cd4   Data         552  oled.o(.constdata)
    F8X16                                    0x08002efc   Data        1520  oled.o(.constdata)
    Region$$Table$$Base                      0x08003678   Number         0  anon$$obj.o(Region$$Table)
    Region$$Table$$Limit                     0x08003698   Number         0  anon$$obj.o(Region$$Table)
    SystemCoreClock                          0x20000000   Data           4  system_stm32f10x.o(.data)
    AHBPrescTable                            0x20000004   Data          16  system_stm32f10x.o(.data)
    USART2_RX_STA                            0x20000014   Data           2  usart2.o(.data)
    AS608Addr                                0x20000018   Data           4  as608.o(.data)
    GPIO_OLED_InitStructure                  0x2000001c   Data           4  oled.o(.data)
    F16x16                                   0x20000020   Data         160  oled.o(.data)
    USART_RX_STA                             0x200000c4   Data           2  usart.o(.data)
    __stdout                                 0x200000c8   Data           4  usart.o(.data)
    sys_cmd_tab                              0x200000e0   Data          28  usmart.o(.data)
    usmart_nametab                           0x200000fc   Data          48  usmart_config.o(.data)
    usmart_dev                               0x2000012c   Data         244  usmart_config.o(.data)
    USART2_RX_BUF                            0x20000220   Data         400  usart2.o(.bss)
    USART2_TX_BUF                            0x200003b0   Data         400  usart2.o(.bss)
    USART_RX_BUF                             0x20000540   Data         200  usart.o(.bss)
    __libspace_start                         0x20000608   Data          96  libspace.o(.bss)
    __temporary_stack_top$libspace           0x20000668   Data           0  libspace.o(.bss)



==============================================================================

Memory Map of the image

  Image Entry point : 0x08000131

  Load Region LR_IROM1 (Base: 0x08000000, Size: 0x000038b8, Max: 0x00010000, ABSOLUTE, COMPRESSED[0x000037a0])

    Execution Region ER_IROM1 (Base: 0x08000000, Size: 0x00003698, Max: 0x00010000, ABSOLUTE)

    Base Addr    Size         Type   Attr      Idx    E Section Name        Object

    0x08000000   0x00000130   Data   RO         1610    RESET               startup_stm32f10x_hd.o
    0x08000130   0x00000008   Code   RO         3925  * !!!main             c_w.l(__main.o)
    0x08000138   0x00000034   Code   RO         4270    !!!scatter          c_w.l(__scatter.o)
    0x0800016c   0x0000005a   Code   RO         4268    !!dczerorl2         c_w.l(__dczerorl2.o)
    0x080001c6   0x00000002   PAD
    0x080001c8   0x0000001c   Code   RO         4272    !!handler_zi        c_w.l(__scatter_zi.o)
    0x080001e4   0x00000000   Code   RO         3914    .ARM.Collect$$_printf_percent$$00000000  c_w.l(_printf_percent.o)
    0x080001e4   0x00000006   Code   RO         3912    .ARM.Collect$$_printf_percent$$00000009  c_w.l(_printf_d.o)
    0x080001ea   0x00000006   Code   RO         3913    .ARM.Collect$$_printf_percent$$0000000A  c_w.l(_printf_u.o)
    0x080001f0   0x00000006   Code   RO         3911    .ARM.Collect$$_printf_percent$$0000000C  c_w.l(_printf_x.o)
    0x080001f6   0x00000006   Code   RO         3909    .ARM.Collect$$_printf_percent$$00000013  c_w.l(_printf_c.o)
    0x080001fc   0x00000006   Code   RO         3910    .ARM.Collect$$_printf_percent$$00000014  c_w.l(_printf_s.o)
    0x08000202   0x00000004   Code   RO         4021    .ARM.Collect$$_printf_percent$$00000017  c_w.l(_printf_percent_end.o)
    0x08000206   0x00000002   Code   RO         4137    .ARM.Collect$$libinit$$00000000  c_w.l(libinit.o)
    0x08000208   0x00000000   Code   RO         4150    .ARM.Collect$$libinit$$00000002  c_w.l(libinit2.o)
    0x08000208   0x00000000   Code   RO         4152    .ARM.Collect$$libinit$$00000004  c_w.l(libinit2.o)
    0x08000208   0x00000000   Code   RO         4155    .ARM.Collect$$libinit$$0000000A  c_w.l(libinit2.o)
    0x08000208   0x00000000   Code   RO         4157    .ARM.Collect$$libinit$$0000000C  c_w.l(libinit2.o)
    0x08000208   0x00000000   Code   RO         4159    .ARM.Collect$$libinit$$0000000E  c_w.l(libinit2.o)
    0x08000208   0x00000000   Code   RO         4162    .ARM.Collect$$libinit$$00000011  c_w.l(libinit2.o)
    0x08000208   0x00000000   Code   RO         4164    .ARM.Collect$$libinit$$00000013  c_w.l(libinit2.o)
    0x08000208   0x00000000   Code   RO         4166    .ARM.Collect$$libinit$$00000015  c_w.l(libinit2.o)
    0x08000208   0x00000000   Code   RO         4168    .ARM.Collect$$libinit$$00000017  c_w.l(libinit2.o)
    0x08000208   0x00000000   Code   RO         4170    .ARM.Collect$$libinit$$00000019  c_w.l(libinit2.o)
    0x08000208   0x00000000   Code   RO         4172    .ARM.Collect$$libinit$$0000001B  c_w.l(libinit2.o)
    0x08000208   0x00000000   Code   RO         4174    .ARM.Collect$$libinit$$0000001D  c_w.l(libinit2.o)
    0x08000208   0x00000000   Code   RO         4176    .ARM.Collect$$libinit$$0000001F  c_w.l(libinit2.o)
    0x08000208   0x00000000   Code   RO         4178    .ARM.Collect$$libinit$$00000021  c_w.l(libinit2.o)
    0x08000208   0x00000000   Code   RO         4180    .ARM.Collect$$libinit$$00000023  c_w.l(libinit2.o)
    0x08000208   0x00000000   Code   RO         4182    .ARM.Collect$$libinit$$00000025  c_w.l(libinit2.o)
    0x08000208   0x00000000   Code   RO         4186    .ARM.Collect$$libinit$$0000002C  c_w.l(libinit2.o)
    0x08000208   0x00000000   Code   RO         4188    .ARM.Collect$$libinit$$0000002E  c_w.l(libinit2.o)
    0x08000208   0x00000000   Code   RO         4190    .ARM.Collect$$libinit$$00000030  c_w.l(libinit2.o)
    0x08000208   0x00000000   Code   RO         4192    .ARM.Collect$$libinit$$00000032  c_w.l(libinit2.o)
    0x08000208   0x00000002   Code   RO         4193    .ARM.Collect$$libinit$$00000033  c_w.l(libinit2.o)
    0x0800020a   0x00000002   Code   RO         4211    .ARM.Collect$$libshutdown$$00000000  c_w.l(libshutdown.o)
    0x0800020c   0x00000000   Code   RO         4222    .ARM.Collect$$libshutdown$$00000003  c_w.l(libshutdown2.o)
    0x0800020c   0x00000000   Code   RO         4225    .ARM.Collect$$libshutdown$$00000006  c_w.l(libshutdown2.o)
    0x0800020c   0x00000000   Code   RO         4228    .ARM.Collect$$libshutdown$$00000009  c_w.l(libshutdown2.o)
    0x0800020c   0x00000000   Code   RO         4230    .ARM.Collect$$libshutdown$$0000000B  c_w.l(libshutdown2.o)
    0x0800020c   0x00000000   Code   RO         4233    .ARM.Collect$$libshutdown$$0000000E  c_w.l(libshutdown2.o)
    0x0800020c   0x00000002   Code   RO         4234    .ARM.Collect$$libshutdown$$0000000F  c_w.l(libshutdown2.o)
    0x0800020e   0x00000000   Code   RO         3985    .ARM.Collect$$rtentry$$00000000  c_w.l(__rtentry.o)
    0x0800020e   0x00000000   Code   RO         4051    .ARM.Collect$$rtentry$$00000002  c_w.l(__rtentry2.o)
    0x0800020e   0x00000006   Code   RO         4063    .ARM.Collect$$rtentry$$00000004  c_w.l(__rtentry4.o)
    0x08000214   0x00000000   Code   RO         4053    .ARM.Collect$$rtentry$$00000009  c_w.l(__rtentry2.o)
    0x08000214   0x00000004   Code   RO         4054    .ARM.Collect$$rtentry$$0000000A  c_w.l(__rtentry2.o)
    0x08000218   0x00000000   Code   RO         4056    .ARM.Collect$$rtentry$$0000000C  c_w.l(__rtentry2.o)
    0x08000218   0x00000008   Code   RO         4057    .ARM.Collect$$rtentry$$0000000D  c_w.l(__rtentry2.o)
    0x08000220   0x00000002   Code   RO         4144    .ARM.Collect$$rtexit$$00000000  c_w.l(rtexit.o)
    0x08000222   0x00000000   Code   RO         4195    .ARM.Collect$$rtexit$$00000002  c_w.l(rtexit2.o)
    0x08000222   0x00000004   Code   RO         4196    .ARM.Collect$$rtexit$$00000003  c_w.l(rtexit2.o)
    0x08000226   0x00000006   Code   RO         4197    .ARM.Collect$$rtexit$$00000004  c_w.l(rtexit2.o)
    0x0800022c   0x00000040   Code   RO         1611    .text               startup_stm32f10x_hd.o
    0x0800026c   0x00000002   Code   RO         3852    .text               c_w.l(use_no_semi_2.o)
    0x0800026e   0x00000002   PAD
    0x08000270   0x00000018   Code   RO         3856    .text               c_w.l(__2printf.o)
    0x08000288   0x0000004e   Code   RO         3862    .text               c_w.l(_printf_pad.o)
    0x080002d6   0x00000052   Code   RO         3864    .text               c_w.l(_printf_str.o)
    0x08000328   0x00000078   Code   RO         3866    .text               c_w.l(_printf_dec.o)
    0x080003a0   0x00000094   Code   RO         3886    .text               c_w.l(_printf_hex_int_ll_ptr.o)
    0x08000434   0x00000188   Code   RO         3906    .text               c_w.l(__printf_flags_ss_wp.o)
    0x080005bc   0x00000024   Code   RO         3915    .text               c_w.l(strstr.o)
    0x080005e0   0x00000006   Code   RO         3923    .text               c_w.l(heapauxi.o)
    0x080005e6   0x00000002   Code   RO         3983    .text               c_w.l(use_no_semi.o)
    0x080005e8   0x000000b2   Code   RO         3990    .text               c_w.l(_printf_intcommon.o)
    0x0800069a   0x00000002   PAD
    0x0800069c   0x00000030   Code   RO         3994    .text               c_w.l(_printf_char_common.o)
    0x080006cc   0x0000002c   Code   RO         3998    .text               c_w.l(_printf_char.o)
    0x080006f8   0x00000024   Code   RO         4000    .text               c_w.l(_printf_char_file.o)
    0x0800071c   0x00000008   Code   RO         4078    .text               c_w.l(ferror.o)
    0x08000724   0x00000008   Code   RO         4088    .text               c_w.l(libspace.o)
    0x0800072c   0x0000004a   Code   RO         4091    .text               c_w.l(sys_stackheap_outer.o)
    0x08000776   0x0000000c   Code   RO         4130    .text               c_w.l(exit.o)
    0x08000782   0x00000002   Code   RO          147    i.BusFault_Handler  stm32f10x_it.o
    0x08000784   0x00000002   Code   RO          148    i.DebugMon_Handler  stm32f10x_it.o
    0x08000786   0x00000002   PAD
    0x08000788   0x00000244   Code   RO         1153    i.EnsureMessage     as608.o
    0x080009cc   0x000000a2   Code   RO         1621    i.GPIO_Init         stm32f10x_gpio.o
    0x08000a6e   0x00000002   Code   RO          149    i.HardFault_Handler  stm32f10x_it.o
    0x08000a70   0x00000070   Code   RO         1154    i.JudgeStr          as608.o
    0x08000ae0   0x00000014   Code   RO         1155    i.MYUSART_SendData  as608.o
    0x08000af4   0x00000002   Code   RO          150    i.MemManage_Handler  stm32f10x_it.o
    0x08000af6   0x00000002   Code   RO          151    i.NMI_Handler       stm32f10x_it.o
    0x08000af8   0x00000064   Code   RO         2109    i.NVIC_Init         misc.o
    0x08000b5c   0x00000014   Code   RO         2110    i.NVIC_PriorityGroupConfig  misc.o
    0x08000b70   0x00000038   Code   RO         1349    i.OLED_Fill         oled.o
    0x08000ba8   0x00000048   Code   RO         1351    i.OLED_IIC_Init     oled.o
    0x08000bf0   0x00000030   Code   RO         1355    i.OLED_IIC_Start    oled.o
    0x08000c20   0x00000030   Code   RO         1356    i.OLED_IIC_Stop     oled.o
    0x08000c50   0x00000040   Code   RO         1357    i.OLED_IIC_Wait_Ack  oled.o
    0x08000c90   0x00000034   Code   RO         1358    i.OLED_IIC_Write_Byte  oled.o
    0x08000cc4   0x00000036   Code   RO         1359    i.OLED_IIC_Write_Data  oled.o
    0x08000cfa   0x000000c2   Code   RO         1360    i.OLED_Init         oled.o
    0x08000dbc   0x00000012   Code   RO         1362    i.OLED_ON           oled.o
    0x08000dce   0x00000002   PAD
    0x08000dd0   0x0000001c   Code   RO         1364    i.OLED_SDA_IN       oled.o
    0x08000dec   0x0000001c   Code   RO         1365    i.OLED_SDA_OUT      oled.o
    0x08000e08   0x00000026   Code   RO         1366    i.OLED_SetPos       oled.o
    0x08000e2e   0x00000002   PAD
    0x08000e30   0x000000d8   Code   RO         1368    i.OLED_ShowStr      oled.o
    0x08000f08   0x0000000a   Code   RO         1369    i.OLED_WriteCmd     oled.o
    0x08000f12   0x0000000a   Code   RO         1370    i.OLED_WriteDat     oled.o
    0x08000f1c   0x0000003c   Code   RO         1158    i.PS_GenChar        as608.o
    0x08000f58   0x00000034   Code   RO         1159    i.PS_GetImage       as608.o
    0x08000f8c   0x00000084   Code   RO         1161    i.PS_HighSpeedSearch  as608.o
    0x08001010   0x000000e4   Code   RO         1164    i.PS_ReadSysPara    as608.o
    0x080010f4   0x000000a4   Code   RO         1167    i.PS_SetAddr        as608.o
    0x08001198   0x0000002c   Code   RO         1168    i.PS_StaGPIO_Init   as608.o
    0x080011c4   0x0000007c   Code   RO         1170    i.PS_ValidTempleteNum  as608.o
    0x08001240   0x0000007c   Code   RO         1172    i.PS_WriteReg       as608.o
    0x080012bc   0x00000002   Code   RO          152    i.PendSV_Handler    stm32f10x_it.o
    0x080012be   0x00000002   PAD
    0x080012c0   0x00000018   Code   RO         1731    i.RCC_APB1PeriphClockCmd  stm32f10x_rcc.o
    0x080012d8   0x00000018   Code   RO         1732    i.RCC_APB1PeriphResetCmd  stm32f10x_rcc.o
    0x080012f0   0x00000018   Code   RO         1733    i.RCC_APB2PeriphClockCmd  stm32f10x_rcc.o
    0x08001308   0x00000018   Code   RO         1734    i.RCC_APB2PeriphResetCmd  stm32f10x_rcc.o
    0x08001320   0x00000090   Code   RO         1741    i.RCC_GetClocksFreq  stm32f10x_rcc.o
    0x080013b0   0x00000002   Code   RO          153    i.SVC_Handler       stm32f10x_it.o
    0x080013b2   0x00000002   PAD
    0x080013b4   0x00000030   Code   RO         1173    i.SendAddr          as608.o
    0x080013e4   0x00000014   Code   RO         1174    i.SendCheck         as608.o
    0x080013f8   0x00000012   Code   RO         1175    i.SendHead          as608.o
    0x0800140a   0x00000016   Code   RO         1176    i.SendLength        as608.o
    0x08001420   0x000000a8   Code   RO          227    i.SetSysClockTo72   system_stm32f10x.o
    0x080014c8   0x00000018   Code   RO         2113    i.SysTick_CLKSourceConfig  misc.o
    0x080014e0   0x00000002   Code   RO          154    i.SysTick_Handler   stm32f10x_it.o
    0x080014e2   0x00000002   PAD
    0x080014e4   0x00000050   Code   RO          229    i.SystemInit        system_stm32f10x.o
    0x08001534   0x00000098   Code   RO         1310    i.TIM1_PWM_Init     timer.o
    0x080015cc   0x0000002c   Code   RO         3689    i.TIM2_IRQHandler   usmart.o
    0x080015f8   0x00000038   Code   RO         1311    i.TIM4_IRQHandler   timer.o
    0x08001630   0x00000060   Code   RO         1312    i.TIM4_Int_Init     timer.o
    0x08001690   0x00000014   Code   RO         2291    i.TIM_ARRPreloadConfig  stm32f10x_tim.o
    0x080016a4   0x00000006   Code   RO         2298    i.TIM_ClearITPendingBit  stm32f10x_tim.o
    0x080016aa   0x00000014   Code   RO         2303    i.TIM_Cmd           stm32f10x_tim.o
    0x080016be   0x00000016   Code   RO         2305    i.TIM_CtrlPWMOutputs  stm32f10x_tim.o
    0x080016d4   0x00000018   Code   RO         2324    i.TIM_GetITStatus   stm32f10x_tim.o
    0x080016ec   0x00000010   Code   RO         2328    i.TIM_ITConfig      stm32f10x_tim.o
    0x080016fc   0x00000080   Code   RO         2332    i.TIM_OC1Init       stm32f10x_tim.o
    0x0800177c   0x0000000c   Code   RO         2335    i.TIM_OC1PreloadConfig  stm32f10x_tim.o
    0x08001788   0x00000004   Code   RO         2364    i.TIM_SetCompare1   stm32f10x_tim.o
    0x0800178c   0x00000004   Code   RO         2368    i.TIM_SetCounter    stm32f10x_tim.o
    0x08001790   0x0000009c   Code   RO         2374    i.TIM_TimeBaseInit  stm32f10x_tim.o
    0x0800182c   0x00000048   Code   RO         3690    i.Timer2_Init       usmart.o
    0x08001874   0x00000064   Code   RO         1556    i.USART1_IRQHandler  usart.o
    0x080018d8   0x00000068   Code   RO         1115    i.USART2_IRQHandler  usart2.o
    0x08001940   0x00000014   Code   RO         1933    i.USART_Cmd         stm32f10x_usart.o
    0x08001954   0x00000074   Code   RO         1935    i.USART_DeInit      stm32f10x_usart.o
    0x080019c8   0x0000003e   Code   RO         1937    i.USART_GetITStatus  stm32f10x_usart.o
    0x08001a06   0x00000030   Code   RO         1939    i.USART_ITConfig    stm32f10x_usart.o
    0x08001a36   0x00000002   PAD
    0x08001a38   0x000000ac   Code   RO         1940    i.USART_Init        stm32f10x_usart.o
    0x08001ae4   0x00000008   Code   RO         1947    i.USART_ReceiveData  stm32f10x_usart.o
    0x08001aec   0x00000002   Code   RO          155    i.UsageFault_Handler  stm32f10x_it.o
    0x08001aee   0x0000000e   Code   RO         3899    i._is_digit         c_w.l(__printf_wp.o)
    0x08001afc   0x00000002   Code   RO         1557    i._sys_exit         usart.o
    0x08001afe   0x00000002   PAD
    0x08001b00   0x0000003c   Code   RO         1501    i.delay_init        delay.o
    0x08001b3c   0x00000034   Code   RO         1502    i.delay_ms          delay.o
    0x08001b70   0x00000034   Code   RO         1503    i.delay_us          delay.o
    0x08001ba4   0x00000018   Code   RO         1558    i.fputc             usart.o
    0x08001bbc   0x0000005c   Code   RO            1    i.main              main.o
    0x08001c18   0x00000130   Code   RO            2    i.press_FR          main.o
    0x08001d48   0x00000004   Code   RO         3691    i.read_addr         usmart.o
    0x08001d4c   0x000000cc   Code   RO         1117    i.usart2_init       usart2.o
    0x08001e18   0x00000094   Code   RO         3692    i.usmart_cmd_rec    usmart.o
    0x08001eac   0x00000264   Code   RO         3693    i.usmart_exe        usmart.o
    0x08002110   0x0000009e   Code   RO         3783    i.usmart_get_aparm  usmart_str.o
    0x080021ae   0x0000002e   Code   RO         3784    i.usmart_get_cmdname  usmart_str.o
    0x080021dc   0x00000170   Code   RO         3785    i.usmart_get_fname  usmart_str.o
    0x0800234c   0x000000d4   Code   RO         3786    i.usmart_get_fparam  usmart_str.o
    0x08002420   0x00000024   Code   RO         3787    i.usmart_get_parmpos  usmart_str.o
    0x08002444   0x00000028   Code   RO         3694    i.usmart_get_runtime  usmart.o
    0x0800246c   0x00000028   Code   RO         3695    i.usmart_init       usmart.o
    0x08002494   0x00000010   Code   RO         3788    i.usmart_pow        usmart_str.o
    0x080024a4   0x00000024   Code   RO         3696    i.usmart_reset_runtime  usmart.o
    0x080024c8   0x000000a4   Code   RO         3697    i.usmart_scan       usmart.o
    0x0800256c   0x00000010   Code   RO         3789    i.usmart_search_nextc  usmart_str.o
    0x0800257c   0x000000a6   Code   RO         3790    i.usmart_str2num    usmart_str.o
    0x08002622   0x00000018   Code   RO         3791    i.usmart_strcmp     usmart_str.o
    0x0800263a   0x00000012   Code   RO         3792    i.usmart_strcopy    usmart_str.o
    0x0800264c   0x00000012   Code   RO         3793    i.usmart_strlen     usmart_str.o
    0x0800265e   0x00000002   PAD
    0x08002660   0x00000670   Code   RO         3698    i.usmart_sys_cmd_exe  usmart.o
    0x08002cd0   0x00000004   Code   RO         3699    i.write_addr        usmart.o
    0x08002cd4   0x00000818   Data   RO         1372    .constdata          oled.o
    0x080034ec   0x00000028   Data   RO         3887    .constdata          c_w.l(_printf_hex_int_ll_ptr.o)
    0x08003514   0x00000011   Data   RO         3907    .constdata          c_w.l(__printf_flags_ss_wp.o)
    0x08003525   0x00000003   PAD
    0x08003528   0x00000028   Data   RO         3700    .conststring        usmart.o
    0x08003550   0x00000127   Data   RO         3765    .conststring        usmart_config.o
    0x08003677   0x00000001   PAD
    0x08003678   0x00000020   Data   RO         4266    Region$$Table       anon$$obj.o


    Execution Region RW_IRAM1 (Base: 0x20000000, Size: 0x00000c68, Max: 0x00005000, ABSOLUTE, COMPRESSED[0x00000108])

    Base Addr    Size         Type   Attr      Idx    E Section Name        Object

    0x20000000   0x00000014   Data   RW          230    .data               system_stm32f10x.o
    0x20000014   0x00000002   Data   RW         1119    .data               usart2.o
    0x20000016   0x00000002   PAD
    0x20000018   0x00000004   Data   RW         1177    .data               as608.o
    0x2000001c   0x000000a4   Data   RW         1373    .data               oled.o
    0x200000c0   0x00000004   Data   RW         1504    .data               delay.o
    0x200000c4   0x00000002   Data   RW         1561    .data               usart.o
    0x200000c6   0x00000002   PAD
    0x200000c8   0x00000004   Data   RW         1562    .data               usart.o
    0x200000cc   0x00000014   Data   RW         1761    .data               stm32f10x_rcc.o
    0x200000e0   0x0000001c   Data   RW         3701    .data               usmart.o
    0x200000fc   0x00000030   Data   RW         3766    .data               usmart_config.o
    0x2000012c   0x000000f4   Data   RW         3767    .data               usmart_config.o
    0x20000220   0x00000320   Zero   RW         1118    .bss                usart2.o
    0x20000540   0x000000c8   Zero   RW         1560    .bss                usart.o
    0x20000608   0x00000060   Zero   RW         4089    .bss                c_w.l(libspace.o)
    0x20000668   0x00000200   Zero   RW         1609    HEAP                startup_stm32f10x_hd.o
    0x20000868   0x00000400   Zero   RW         1608    STACK               startup_stm32f10x_hd.o


==============================================================================

Image component sizes


      Code (inc. data)   RO Data    RW Data    ZI Data      Debug   Object Name

      1748        678          0          4          0      10056   as608.o
       164         26          0          4          0       1519   delay.o
       396        134          0          0          0     252806   main.o
       144         16          0          0          0       1837   misc.o
       936         60       2072        164          0       8352   oled.o
        64         26        304          0       1536        772   startup_stm32f10x_hd.o
       162          0          0          0          0       1712   stm32f10x_gpio.o
        18          0          0          0          0       3442   stm32f10x_it.o
       240         40          0         20          0       5260   stm32f10x_rcc.o
       412         64          0          0          0       7041   stm32f10x_tim.o
       426         26          0          0          0       5057   stm32f10x_usart.o
         0          0          0          0          0         32   sys.o
       248         24          0         20          0       1617   system_stm32f10x.o
       304         22          0          0          0       1730   timer.o
       126         18          0          6        200       3200   usart.o
       308         36          0          2        800       1966   usart2.o
      2812       1322         40         28          0       6862   usmart.o
         0          0        295        292          0       1440   usmart_config.o
      1078         20          0          0          0       7255   usmart_str.o

    ----------------------------------------------------------------------
      9604       2512       2744        544       2536     321956   Object Totals
         0          0         32          0          0          0   (incl. Generated)
        18          0          1          4          0          0   (incl. Padding)

    ----------------------------------------------------------------------

      Code (inc. data)   RO Data    RW Data    ZI Data      Debug   Library Member Name

        24          4          0          0          0         84   __2printf.o
        90          0          0          0          0          0   __dczerorl2.o
         8          0          0          0          0         68   __main.o
       392          4         17          0          0         92   __printf_flags_ss_wp.o
        14          0          0          0          0         68   __printf_wp.o
         0          0          0          0          0          0   __rtentry.o
        12          0          0          0          0          0   __rtentry2.o
         6          0          0          0          0          0   __rtentry4.o
        52          8          0          0          0          0   __scatter.o
        28          0          0          0          0          0   __scatter_zi.o
         6          0          0          0          0          0   _printf_c.o
        44          0          0          0          0        108   _printf_char.o
        48          6          0          0          0         96   _printf_char_common.o
        36          4          0          0          0         80   _printf_char_file.o
         6          0          0          0          0          0   _printf_d.o
       120         16          0          0          0         92   _printf_dec.o
       148          4         40          0          0        160   _printf_hex_int_ll_ptr.o
       178          0          0          0          0         88   _printf_intcommon.o
        78          0          0          0          0        108   _printf_pad.o
         0          0          0          0          0          0   _printf_percent.o
         4          0          0          0          0          0   _printf_percent_end.o
         6          0          0          0          0          0   _printf_s.o
        82          0          0          0          0         80   _printf_str.o
         6          0          0          0          0          0   _printf_u.o
         6          0          0          0          0          0   _printf_x.o
        12          0          0          0          0         72   exit.o
         8          0          0          0          0         68   ferror.o
         6          0          0          0          0        152   heapauxi.o
         2          0          0          0          0          0   libinit.o
         2          0          0          0          0          0   libinit2.o
         2          0          0          0          0          0   libshutdown.o
         2          0          0          0          0          0   libshutdown2.o
         8          4          0          0         96         68   libspace.o
         2          0          0          0          0          0   rtexit.o
        10          0          0          0          0          0   rtexit2.o
        36          0          0          0          0         80   strstr.o
        74          0          0          0          0         80   sys_stackheap_outer.o
         2          0          0          0          0         68   use_no_semi.o
         2          0          0          0          0         68   use_no_semi_2.o

    ----------------------------------------------------------------------
      1568         50         60          0         96       1780   Library Totals
         6          0          3          0          0          0   (incl. Padding)

    ----------------------------------------------------------------------

      Code (inc. data)   RO Data    RW Data    ZI Data      Debug   Library Name

      1562         50         57          0         96       1780   c_w.l

    ----------------------------------------------------------------------
      1568         50         60          0         96       1780   Library Totals

    ----------------------------------------------------------------------

==============================================================================


      Code (inc. data)   RO Data    RW Data    ZI Data      Debug   

     11172       2562       2804        544       2632     317856   Grand Totals
     11172       2562       2804        264       2632     317856   ELF Image Totals (compressed)
     11172       2562       2804        264          0          0   ROM Totals

==============================================================================

    Total RO  Size (Code + RO Data)                13976 (  13.65kB)
    Total RW  Size (RW Data + ZI Data)              3176 (   3.10kB)
    Total ROM Size (Code + RO Data + RW Data)      14240 (  13.91kB)

==============================================================================

