<html>
<body>
<pre>
<h1>µVision Build Log</h1>
<h2>Tool Versions:</h2>
IDE-Version: ¦ÌVision V5.14.0.0
Copyright (C) 2015 ARM Ltd and ARM Germany GmbH. All rights reserved.
License Information: 123 DELL, 123, LIC=GMZJJ-US6IC-12NLE-5XK5Y-RW7ZX-SL2UM
 
Tool Versions:
Toolchain:       MDK-ARM Standard  Version: 5.14.0.0
Toolchain Path:  F:\MDK5\ARM\ARMCC\Bin
C Compiler:      Armcc.exe V5.05 update 1 (build 106)
Assembler:       Armasm.exe V5.05 update 1 (build 106)
Linker/Locator:  ArmLink.exe V5.05 update 1 (build 106)
Library Manager: ArmAr.exe V5.05 update 1 (build 106)
Hex Converter:   FromElf.exe V5.05 update 1 (build 106)
CPU DLL:         SARMCM3.DLL V5.14.0.0
Dialog DLL:      DCM.DLL V1.13.1.0
Target DLL:      Segger\JL2CM3.dll V2.99.13.0
Dialog DLL:      TCM.DLL V1.14.4.0
 
<h2>Project:</h2>
C:\Users\DELL\Desktop\Ö¸ÎÆËø\USER\AS608.uvprojx
Project File Date:  06/22/2019

<h2>Output:</h2>
Build target 'AS608'
compiling main.c...
main.c(46): warning:  #177-D: variable "ensure" was declared but never referenced
        u8 ensure;      
main.c(75): warning:  #177-D: variable "i" was declared but never referenced
     unsigned char i;
main.c: 2 warnings, 0 errors
linking...
Program Size: Code=11172 RO-data=2804 RW-data=544 ZI-data=2632  
FromELF: creating hex file...
"..\OBJ\AS608.axf" - 0 Error(s), 2 Warning(s).

<h2>Collection of Component include folders:</h2>
  C:\Users\DELL\Desktop\Ö¸ÎÆËø\USER\RTE
  F:\MDK5\ARM\PACK\Keil\STM32F1xx_DFP\1.0.5\Device\Include

<h2>Collection of Component Files used:</h2>
</pre>
</body>
</html>
